ARM GAS  C:\Users\En\AppData\Local\Temp\ccK06tyt.s 			page 1


   1              		.cpu cortex-m0
   2              		.fpu softvfp
   3              		.eabi_attribute 20, 1
   4              		.eabi_attribute 21, 1
   5              		.eabi_attribute 23, 3
   6              		.eabi_attribute 24, 1
   7              		.eabi_attribute 25, 1
   8              		.eabi_attribute 26, 1
   9              		.eabi_attribute 30, 6
  10              		.eabi_attribute 34, 0
  11              		.eabi_attribute 18, 4
  12              		.code	16
  13              		.file	"Count_Bits.c"
  14              		.text
  15              	.Ltext0:
  16              		.cfi_sections	.debug_frame
  17              		.global	Count_Bits_initVar
  18              		.bss
  19              		.type	Count_Bits_initVar, %object
  20              		.size	Count_Bits_initVar, 1
  21              	Count_Bits_initVar:
  22 0000 00       		.space	1
  23              		.section	.text.Count_Bits_Init,"ax",%progbits
  24              		.align	2
  25              		.global	Count_Bits_Init
  26              		.code	16
  27              		.thumb_func
  28              		.type	Count_Bits_Init, %function
  29              	Count_Bits_Init:
  30              	.LFB0:
  31              		.file 1 ".\\Generated_Source\\PSoC4\\Count_Bits.c"
   1:.\Generated_Source\PSoC4/Count_Bits.c **** /*******************************************************************************
   2:.\Generated_Source\PSoC4/Count_Bits.c **** * File Name: Count_Bits.c
   3:.\Generated_Source\PSoC4/Count_Bits.c **** * Version 1.0
   4:.\Generated_Source\PSoC4/Count_Bits.c **** *
   5:.\Generated_Source\PSoC4/Count_Bits.c **** * Description:
   6:.\Generated_Source\PSoC4/Count_Bits.c **** *  This file provides source code for the Count7 component's API.
   7:.\Generated_Source\PSoC4/Count_Bits.c **** *
   8:.\Generated_Source\PSoC4/Count_Bits.c **** * Note:
   9:.\Generated_Source\PSoC4/Count_Bits.c **** *
  10:.\Generated_Source\PSoC4/Count_Bits.c **** ********************************************************************************
  11:.\Generated_Source\PSoC4/Count_Bits.c **** * Copyright 2013, Cypress Semiconductor Corporation.  All rights reserved.
  12:.\Generated_Source\PSoC4/Count_Bits.c **** * You may use this file only in accordance with the license, terms, conditions,
  13:.\Generated_Source\PSoC4/Count_Bits.c **** * disclaimers, and limitations in the end user license agreement accompanying
  14:.\Generated_Source\PSoC4/Count_Bits.c **** * the software package with which this file was provided.
  15:.\Generated_Source\PSoC4/Count_Bits.c **** *******************************************************************************/
  16:.\Generated_Source\PSoC4/Count_Bits.c **** 
  17:.\Generated_Source\PSoC4/Count_Bits.c **** #include "Count_Bits.h"
  18:.\Generated_Source\PSoC4/Count_Bits.c **** #include "CyLib.h"
  19:.\Generated_Source\PSoC4/Count_Bits.c **** 
  20:.\Generated_Source\PSoC4/Count_Bits.c **** 
  21:.\Generated_Source\PSoC4/Count_Bits.c **** uint8 Count_Bits_initVar = 0u;
  22:.\Generated_Source\PSoC4/Count_Bits.c **** 
  23:.\Generated_Source\PSoC4/Count_Bits.c **** 
  24:.\Generated_Source\PSoC4/Count_Bits.c **** /*******************************************************************************
  25:.\Generated_Source\PSoC4/Count_Bits.c **** * Function Name: Count_Bits_Init
  26:.\Generated_Source\PSoC4/Count_Bits.c **** ********************************************************************************
ARM GAS  C:\Users\En\AppData\Local\Temp\ccK06tyt.s 			page 2


  27:.\Generated_Source\PSoC4/Count_Bits.c **** *
  28:.\Generated_Source\PSoC4/Count_Bits.c **** * Summary:
  29:.\Generated_Source\PSoC4/Count_Bits.c **** *  Initializes or restores the component according to the parameter editor
  30:.\Generated_Source\PSoC4/Count_Bits.c **** *  settings.
  31:.\Generated_Source\PSoC4/Count_Bits.c **** *
  32:.\Generated_Source\PSoC4/Count_Bits.c **** * Parameters:
  33:.\Generated_Source\PSoC4/Count_Bits.c **** *  None
  34:.\Generated_Source\PSoC4/Count_Bits.c **** *
  35:.\Generated_Source\PSoC4/Count_Bits.c **** * Return:
  36:.\Generated_Source\PSoC4/Count_Bits.c **** *  None
  37:.\Generated_Source\PSoC4/Count_Bits.c **** *
  38:.\Generated_Source\PSoC4/Count_Bits.c **** * Theory:
  39:.\Generated_Source\PSoC4/Count_Bits.c **** *  It is not necessary to call Count7_Init() because the Count7_Start() API
  40:.\Generated_Source\PSoC4/Count_Bits.c **** *  calls this function and is the preferred method to begin component
  41:.\Generated_Source\PSoC4/Count_Bits.c **** *  operation.
  42:.\Generated_Source\PSoC4/Count_Bits.c **** *
  43:.\Generated_Source\PSoC4/Count_Bits.c **** *******************************************************************************/
  44:.\Generated_Source\PSoC4/Count_Bits.c **** void Count_Bits_Init(void) 
  45:.\Generated_Source\PSoC4/Count_Bits.c **** {
  32              		.loc 1 45 0
  33              		.cfi_startproc
  34 0000 80B5     		push	{r7, lr}
  35              		.cfi_def_cfa_offset 8
  36              		.cfi_offset 7, -8
  37              		.cfi_offset 14, -4
  38 0002 00AF     		add	r7, sp, #0
  39              		.cfi_def_cfa_register 7
  46:.\Generated_Source\PSoC4/Count_Bits.c ****     /* Set the initial period value from parameter editor */
  47:.\Generated_Source\PSoC4/Count_Bits.c ****     Count_Bits_PERIOD_REG = Count_Bits_INITIAL_PERIOD;
  40              		.loc 1 47 0
  41 0004 024B     		ldr	r3, .L2
  42 0006 0022     		mov	r2, #0
  43 0008 1A70     		strb	r2, [r3]
  48:.\Generated_Source\PSoC4/Count_Bits.c **** }
  44              		.loc 1 48 0
  45 000a BD46     		mov	sp, r7
  46              		@ sp needed
  47 000c 80BD     		pop	{r7, pc}
  48              	.L3:
  49 000e C046     		.align	2
  50              	.L2:
  51 0010 82000F40 		.word	1074724994
  52              		.cfi_endproc
  53              	.LFE0:
  54              		.size	Count_Bits_Init, .-Count_Bits_Init
  55              		.section	.text.Count_Bits_Enable,"ax",%progbits
  56              		.align	2
  57              		.global	Count_Bits_Enable
  58              		.code	16
  59              		.thumb_func
  60              		.type	Count_Bits_Enable, %function
  61              	Count_Bits_Enable:
  62              	.LFB1:
  49:.\Generated_Source\PSoC4/Count_Bits.c **** 
  50:.\Generated_Source\PSoC4/Count_Bits.c **** 
  51:.\Generated_Source\PSoC4/Count_Bits.c **** /*******************************************************************************
  52:.\Generated_Source\PSoC4/Count_Bits.c **** * Function Name: Count_Bits_Enable
ARM GAS  C:\Users\En\AppData\Local\Temp\ccK06tyt.s 			page 3


  53:.\Generated_Source\PSoC4/Count_Bits.c **** ********************************************************************************
  54:.\Generated_Source\PSoC4/Count_Bits.c **** *
  55:.\Generated_Source\PSoC4/Count_Bits.c **** * Summary:
  56:.\Generated_Source\PSoC4/Count_Bits.c **** *  Enables the software enable of the counter.
  57:.\Generated_Source\PSoC4/Count_Bits.c **** *
  58:.\Generated_Source\PSoC4/Count_Bits.c **** * Parameters:
  59:.\Generated_Source\PSoC4/Count_Bits.c **** *  None
  60:.\Generated_Source\PSoC4/Count_Bits.c **** *
  61:.\Generated_Source\PSoC4/Count_Bits.c **** * Return:
  62:.\Generated_Source\PSoC4/Count_Bits.c **** *  None
  63:.\Generated_Source\PSoC4/Count_Bits.c **** *
  64:.\Generated_Source\PSoC4/Count_Bits.c **** * Theory:
  65:.\Generated_Source\PSoC4/Count_Bits.c **** *  It is not necessary to call Count7_Enable() because the Count7_Start() API
  66:.\Generated_Source\PSoC4/Count_Bits.c **** *  calls this function, which is the preferred method to begin component
  67:.\Generated_Source\PSoC4/Count_Bits.c **** *  operation.
  68:.\Generated_Source\PSoC4/Count_Bits.c **** *  This API performs modification of auxiliary control register which is a
  69:.\Generated_Source\PSoC4/Count_Bits.c **** *  shared resource so it is required to disable interrupts until the
  70:.\Generated_Source\PSoC4/Count_Bits.c **** *  modification will complete.
  71:.\Generated_Source\PSoC4/Count_Bits.c **** *
  72:.\Generated_Source\PSoC4/Count_Bits.c **** *******************************************************************************/
  73:.\Generated_Source\PSoC4/Count_Bits.c **** void Count_Bits_Enable(void) 
  74:.\Generated_Source\PSoC4/Count_Bits.c **** {
  63              		.loc 1 74 0
  64              		.cfi_startproc
  65 0000 90B5     		push	{r4, r7, lr}
  66              		.cfi_def_cfa_offset 12
  67              		.cfi_offset 4, -12
  68              		.cfi_offset 7, -8
  69              		.cfi_offset 14, -4
  70 0002 83B0     		sub	sp, sp, #12
  71              		.cfi_def_cfa_offset 24
  72 0004 00AF     		add	r7, sp, #0
  73              		.cfi_def_cfa_register 7
  75:.\Generated_Source\PSoC4/Count_Bits.c ****     uint8 interruptState;
  76:.\Generated_Source\PSoC4/Count_Bits.c **** 
  77:.\Generated_Source\PSoC4/Count_Bits.c ****     interruptState = CyEnterCriticalSection();
  74              		.loc 1 77 0
  75 0006 FC1D     		add	r4, r7, #7
  76 0008 FFF7FEFF 		bl	CyEnterCriticalSection
  77 000c 031C     		mov	r3, r0
  78 000e 2370     		strb	r3, [r4]
  78:.\Generated_Source\PSoC4/Count_Bits.c ****     /* Set the counter start bit in auxiliary control. If routed enable
  79:.\Generated_Source\PSoC4/Count_Bits.c ****     * isn't used then this will immediately star the Count7 operation.
  80:.\Generated_Source\PSoC4/Count_Bits.c ****     */
  81:.\Generated_Source\PSoC4/Count_Bits.c ****     Count_Bits_AUX_CONTROL_REG |= Count_Bits_COUNTER_START;
  79              		.loc 1 81 0
  80 0010 074B     		ldr	r3, .L5
  81 0012 074A     		ldr	r2, .L5
  82 0014 1278     		ldrb	r2, [r2]
  83 0016 D2B2     		uxtb	r2, r2
  84 0018 2021     		mov	r1, #32
  85 001a 0A43     		orr	r2, r1
  86 001c D2B2     		uxtb	r2, r2
  87 001e 1A70     		strb	r2, [r3]
  82:.\Generated_Source\PSoC4/Count_Bits.c **** 
  83:.\Generated_Source\PSoC4/Count_Bits.c ****     CyExitCriticalSection(interruptState);
  88              		.loc 1 83 0
ARM GAS  C:\Users\En\AppData\Local\Temp\ccK06tyt.s 			page 4


  89 0020 FB1D     		add	r3, r7, #7
  90 0022 1B78     		ldrb	r3, [r3]
  91 0024 181C     		mov	r0, r3
  92 0026 FFF7FEFF 		bl	CyExitCriticalSection
  84:.\Generated_Source\PSoC4/Count_Bits.c **** }
  93              		.loc 1 84 0
  94 002a BD46     		mov	sp, r7
  95 002c 03B0     		add	sp, sp, #12
  96              		@ sp needed
  97 002e 90BD     		pop	{r4, r7, pc}
  98              	.L6:
  99              		.align	2
 100              	.L5:
 101 0030 92000F40 		.word	1074725010
 102              		.cfi_endproc
 103              	.LFE1:
 104              		.size	Count_Bits_Enable, .-Count_Bits_Enable
 105              		.section	.text.Count_Bits_Start,"ax",%progbits
 106              		.align	2
 107              		.global	Count_Bits_Start
 108              		.code	16
 109              		.thumb_func
 110              		.type	Count_Bits_Start, %function
 111              	Count_Bits_Start:
 112              	.LFB2:
  85:.\Generated_Source\PSoC4/Count_Bits.c **** 
  86:.\Generated_Source\PSoC4/Count_Bits.c **** 
  87:.\Generated_Source\PSoC4/Count_Bits.c **** /*******************************************************************************
  88:.\Generated_Source\PSoC4/Count_Bits.c **** * Function Name: Count_Bits_Start
  89:.\Generated_Source\PSoC4/Count_Bits.c **** ********************************************************************************
  90:.\Generated_Source\PSoC4/Count_Bits.c **** *
  91:.\Generated_Source\PSoC4/Count_Bits.c **** * Summary:
  92:.\Generated_Source\PSoC4/Count_Bits.c **** *  Performs all of the required initialization for the component and enables
  93:.\Generated_Source\PSoC4/Count_Bits.c **** *  the counter. The first time the routine is executed, the period is set as
  94:.\Generated_Source\PSoC4/Count_Bits.c **** *  configured in the customizer. When called to restart the counter following a
  95:.\Generated_Source\PSoC4/Count_Bits.c **** *  Count7_Stop() call, the current period value is retained.
  96:.\Generated_Source\PSoC4/Count_Bits.c **** *
  97:.\Generated_Source\PSoC4/Count_Bits.c **** * Parameters:
  98:.\Generated_Source\PSoC4/Count_Bits.c **** *  None.
  99:.\Generated_Source\PSoC4/Count_Bits.c **** *
 100:.\Generated_Source\PSoC4/Count_Bits.c **** * Global Variables:
 101:.\Generated_Source\PSoC4/Count_Bits.c **** *  Count_Bits_initVar - global variable.
 102:.\Generated_Source\PSoC4/Count_Bits.c **** *
 103:.\Generated_Source\PSoC4/Count_Bits.c **** * Return:
 104:.\Generated_Source\PSoC4/Count_Bits.c **** *  None.
 105:.\Generated_Source\PSoC4/Count_Bits.c **** *
 106:.\Generated_Source\PSoC4/Count_Bits.c **** *******************************************************************************/
 107:.\Generated_Source\PSoC4/Count_Bits.c **** void Count_Bits_Start(void) 
 108:.\Generated_Source\PSoC4/Count_Bits.c **** {
 113              		.loc 1 108 0
 114              		.cfi_startproc
 115 0000 80B5     		push	{r7, lr}
 116              		.cfi_def_cfa_offset 8
 117              		.cfi_offset 7, -8
 118              		.cfi_offset 14, -4
 119 0002 00AF     		add	r7, sp, #0
 120              		.cfi_def_cfa_register 7
ARM GAS  C:\Users\En\AppData\Local\Temp\ccK06tyt.s 			page 5


 109:.\Generated_Source\PSoC4/Count_Bits.c ****     /* If not initialized then perform initialization */
 110:.\Generated_Source\PSoC4/Count_Bits.c ****     if(Count_Bits_initVar == 0u)
 121              		.loc 1 110 0
 122 0004 064B     		ldr	r3, .L9
 123 0006 1B78     		ldrb	r3, [r3]
 124 0008 002B     		cmp	r3, #0
 125 000a 04D1     		bne	.L8
 111:.\Generated_Source\PSoC4/Count_Bits.c ****     {
 112:.\Generated_Source\PSoC4/Count_Bits.c ****         Count_Bits_Init();
 126              		.loc 1 112 0
 127 000c FFF7FEFF 		bl	Count_Bits_Init
 113:.\Generated_Source\PSoC4/Count_Bits.c ****         Count_Bits_initVar = 1u;
 128              		.loc 1 113 0
 129 0010 034B     		ldr	r3, .L9
 130 0012 0122     		mov	r2, #1
 131 0014 1A70     		strb	r2, [r3]
 132              	.L8:
 114:.\Generated_Source\PSoC4/Count_Bits.c ****     }
 115:.\Generated_Source\PSoC4/Count_Bits.c **** 
 116:.\Generated_Source\PSoC4/Count_Bits.c ****     /* Enable Count7 */
 117:.\Generated_Source\PSoC4/Count_Bits.c ****     Count_Bits_Enable();
 133              		.loc 1 117 0
 134 0016 FFF7FEFF 		bl	Count_Bits_Enable
 118:.\Generated_Source\PSoC4/Count_Bits.c **** }
 135              		.loc 1 118 0
 136 001a BD46     		mov	sp, r7
 137              		@ sp needed
 138 001c 80BD     		pop	{r7, pc}
 139              	.L10:
 140 001e C046     		.align	2
 141              	.L9:
 142 0020 00000000 		.word	Count_Bits_initVar
 143              		.cfi_endproc
 144              	.LFE2:
 145              		.size	Count_Bits_Start, .-Count_Bits_Start
 146              		.section	.text.Count_Bits_Stop,"ax",%progbits
 147              		.align	2
 148              		.global	Count_Bits_Stop
 149              		.code	16
 150              		.thumb_func
 151              		.type	Count_Bits_Stop, %function
 152              	Count_Bits_Stop:
 153              	.LFB3:
 119:.\Generated_Source\PSoC4/Count_Bits.c **** 
 120:.\Generated_Source\PSoC4/Count_Bits.c **** 
 121:.\Generated_Source\PSoC4/Count_Bits.c **** /*******************************************************************************
 122:.\Generated_Source\PSoC4/Count_Bits.c **** * Function Name: Count_Bits_Stop
 123:.\Generated_Source\PSoC4/Count_Bits.c **** ********************************************************************************
 124:.\Generated_Source\PSoC4/Count_Bits.c **** *
 125:.\Generated_Source\PSoC4/Count_Bits.c **** * Summary:
 126:.\Generated_Source\PSoC4/Count_Bits.c **** *  Disables the software enable of the counter.
 127:.\Generated_Source\PSoC4/Count_Bits.c **** *
 128:.\Generated_Source\PSoC4/Count_Bits.c **** * Parameters:
 129:.\Generated_Source\PSoC4/Count_Bits.c **** *  None
 130:.\Generated_Source\PSoC4/Count_Bits.c **** *
 131:.\Generated_Source\PSoC4/Count_Bits.c **** * Return:
 132:.\Generated_Source\PSoC4/Count_Bits.c **** *  None
ARM GAS  C:\Users\En\AppData\Local\Temp\ccK06tyt.s 			page 6


 133:.\Generated_Source\PSoC4/Count_Bits.c **** *
 134:.\Generated_Source\PSoC4/Count_Bits.c **** *******************************************************************************/
 135:.\Generated_Source\PSoC4/Count_Bits.c **** void Count_Bits_Stop(void) 
 136:.\Generated_Source\PSoC4/Count_Bits.c **** {
 154              		.loc 1 136 0
 155              		.cfi_startproc
 156 0000 90B5     		push	{r4, r7, lr}
 157              		.cfi_def_cfa_offset 12
 158              		.cfi_offset 4, -12
 159              		.cfi_offset 7, -8
 160              		.cfi_offset 14, -4
 161 0002 83B0     		sub	sp, sp, #12
 162              		.cfi_def_cfa_offset 24
 163 0004 00AF     		add	r7, sp, #0
 164              		.cfi_def_cfa_register 7
 137:.\Generated_Source\PSoC4/Count_Bits.c ****     uint8 interruptState;
 138:.\Generated_Source\PSoC4/Count_Bits.c **** 
 139:.\Generated_Source\PSoC4/Count_Bits.c ****     interruptState = CyEnterCriticalSection();
 165              		.loc 1 139 0
 166 0006 FC1D     		add	r4, r7, #7
 167 0008 FFF7FEFF 		bl	CyEnterCriticalSection
 168 000c 031C     		mov	r3, r0
 169 000e 2370     		strb	r3, [r4]
 140:.\Generated_Source\PSoC4/Count_Bits.c ****     /* Clear the counter start bit in auxiliary control. */
 141:.\Generated_Source\PSoC4/Count_Bits.c ****     Count_Bits_AUX_CONTROL_REG &= (uint8) ~((uint8) Count_Bits_COUNTER_START);
 170              		.loc 1 141 0
 171 0010 074B     		ldr	r3, .L12
 172 0012 074A     		ldr	r2, .L12
 173 0014 1278     		ldrb	r2, [r2]
 174 0016 D2B2     		uxtb	r2, r2
 175 0018 2021     		mov	r1, #32
 176 001a 8A43     		bic	r2, r1
 177 001c D2B2     		uxtb	r2, r2
 178 001e 1A70     		strb	r2, [r3]
 142:.\Generated_Source\PSoC4/Count_Bits.c **** 
 143:.\Generated_Source\PSoC4/Count_Bits.c ****     CyExitCriticalSection(interruptState);
 179              		.loc 1 143 0
 180 0020 FB1D     		add	r3, r7, #7
 181 0022 1B78     		ldrb	r3, [r3]
 182 0024 181C     		mov	r0, r3
 183 0026 FFF7FEFF 		bl	CyExitCriticalSection
 144:.\Generated_Source\PSoC4/Count_Bits.c **** }
 184              		.loc 1 144 0
 185 002a BD46     		mov	sp, r7
 186 002c 03B0     		add	sp, sp, #12
 187              		@ sp needed
 188 002e 90BD     		pop	{r4, r7, pc}
 189              	.L13:
 190              		.align	2
 191              	.L12:
 192 0030 92000F40 		.word	1074725010
 193              		.cfi_endproc
 194              	.LFE3:
 195              		.size	Count_Bits_Stop, .-Count_Bits_Stop
 196              		.section	.text.Count_Bits_WriteCounter,"ax",%progbits
 197              		.align	2
 198              		.global	Count_Bits_WriteCounter
ARM GAS  C:\Users\En\AppData\Local\Temp\ccK06tyt.s 			page 7


 199              		.code	16
 200              		.thumb_func
 201              		.type	Count_Bits_WriteCounter, %function
 202              	Count_Bits_WriteCounter:
 203              	.LFB4:
 145:.\Generated_Source\PSoC4/Count_Bits.c **** 
 146:.\Generated_Source\PSoC4/Count_Bits.c **** 
 147:.\Generated_Source\PSoC4/Count_Bits.c **** /*******************************************************************************
 148:.\Generated_Source\PSoC4/Count_Bits.c **** * Function Name: Count_Bits_WriteCounter
 149:.\Generated_Source\PSoC4/Count_Bits.c **** ********************************************************************************
 150:.\Generated_Source\PSoC4/Count_Bits.c **** *
 151:.\Generated_Source\PSoC4/Count_Bits.c **** * Summary:
 152:.\Generated_Source\PSoC4/Count_Bits.c **** *  This function writes the counter directly. The counter should be disabled
 153:.\Generated_Source\PSoC4/Count_Bits.c **** *  before calling this function.
 154:.\Generated_Source\PSoC4/Count_Bits.c **** *
 155:.\Generated_Source\PSoC4/Count_Bits.c **** * Parameters:
 156:.\Generated_Source\PSoC4/Count_Bits.c **** *  count - Value to be written to counter.
 157:.\Generated_Source\PSoC4/Count_Bits.c **** *
 158:.\Generated_Source\PSoC4/Count_Bits.c **** * Return:
 159:.\Generated_Source\PSoC4/Count_Bits.c **** *  None
 160:.\Generated_Source\PSoC4/Count_Bits.c **** *
 161:.\Generated_Source\PSoC4/Count_Bits.c **** *******************************************************************************/
 162:.\Generated_Source\PSoC4/Count_Bits.c **** void Count_Bits_WriteCounter(uint8 count) 
 163:.\Generated_Source\PSoC4/Count_Bits.c **** {
 204              		.loc 1 163 0
 205              		.cfi_startproc
 206 0000 80B5     		push	{r7, lr}
 207              		.cfi_def_cfa_offset 8
 208              		.cfi_offset 7, -8
 209              		.cfi_offset 14, -4
 210 0002 82B0     		sub	sp, sp, #8
 211              		.cfi_def_cfa_offset 16
 212 0004 00AF     		add	r7, sp, #0
 213              		.cfi_def_cfa_register 7
 214 0006 021C     		mov	r2, r0
 215 0008 FB1D     		add	r3, r7, #7
 216 000a 1A70     		strb	r2, [r3]
 164:.\Generated_Source\PSoC4/Count_Bits.c ****     Count_Bits_COUNT_REG = (count & Count_Bits_COUNT_7BIT_MASK);
 217              		.loc 1 164 0
 218 000c 044B     		ldr	r3, .L15
 219 000e FA1D     		add	r2, r7, #7
 220 0010 1178     		ldrb	r1, [r2]
 221 0012 7F22     		mov	r2, #127
 222 0014 0A40     		and	r2, r1
 223 0016 D2B2     		uxtb	r2, r2
 224 0018 1A70     		strb	r2, [r3]
 165:.\Generated_Source\PSoC4/Count_Bits.c **** }
 225              		.loc 1 165 0
 226 001a BD46     		mov	sp, r7
 227 001c 02B0     		add	sp, sp, #8
 228              		@ sp needed
 229 001e 80BD     		pop	{r7, pc}
 230              	.L16:
 231              		.align	2
 232              	.L15:
 233 0020 72000F40 		.word	1074724978
 234              		.cfi_endproc
ARM GAS  C:\Users\En\AppData\Local\Temp\ccK06tyt.s 			page 8


 235              	.LFE4:
 236              		.size	Count_Bits_WriteCounter, .-Count_Bits_WriteCounter
 237              		.section	.text.Count_Bits_ReadCounter,"ax",%progbits
 238              		.align	2
 239              		.global	Count_Bits_ReadCounter
 240              		.code	16
 241              		.thumb_func
 242              		.type	Count_Bits_ReadCounter, %function
 243              	Count_Bits_ReadCounter:
 244              	.LFB5:
 166:.\Generated_Source\PSoC4/Count_Bits.c **** 
 167:.\Generated_Source\PSoC4/Count_Bits.c **** 
 168:.\Generated_Source\PSoC4/Count_Bits.c **** /*******************************************************************************
 169:.\Generated_Source\PSoC4/Count_Bits.c **** * Function Name: Count_Bits_ReadCounter
 170:.\Generated_Source\PSoC4/Count_Bits.c **** ********************************************************************************
 171:.\Generated_Source\PSoC4/Count_Bits.c **** *
 172:.\Generated_Source\PSoC4/Count_Bits.c **** * Summary:
 173:.\Generated_Source\PSoC4/Count_Bits.c **** *  This function reads the counter value.
 174:.\Generated_Source\PSoC4/Count_Bits.c **** *
 175:.\Generated_Source\PSoC4/Count_Bits.c **** * Parameters:
 176:.\Generated_Source\PSoC4/Count_Bits.c **** *  None
 177:.\Generated_Source\PSoC4/Count_Bits.c **** *
 178:.\Generated_Source\PSoC4/Count_Bits.c **** * Return:
 179:.\Generated_Source\PSoC4/Count_Bits.c **** *  None
 180:.\Generated_Source\PSoC4/Count_Bits.c **** *
 181:.\Generated_Source\PSoC4/Count_Bits.c **** *******************************************************************************/
 182:.\Generated_Source\PSoC4/Count_Bits.c **** uint8 Count_Bits_ReadCounter(void) 
 183:.\Generated_Source\PSoC4/Count_Bits.c **** {
 245              		.loc 1 183 0
 246              		.cfi_startproc
 247 0000 80B5     		push	{r7, lr}
 248              		.cfi_def_cfa_offset 8
 249              		.cfi_offset 7, -8
 250              		.cfi_offset 14, -4
 251 0002 00AF     		add	r7, sp, #0
 252              		.cfi_def_cfa_register 7
 184:.\Generated_Source\PSoC4/Count_Bits.c ****     return(Count_Bits_COUNT_REG & Count_Bits_COUNT_7BIT_MASK);
 253              		.loc 1 184 0
 254 0004 044B     		ldr	r3, .L19
 255 0006 1B78     		ldrb	r3, [r3]
 256 0008 DAB2     		uxtb	r2, r3
 257 000a 7F23     		mov	r3, #127
 258 000c 1340     		and	r3, r2
 259 000e DBB2     		uxtb	r3, r3
 185:.\Generated_Source\PSoC4/Count_Bits.c **** }
 260              		.loc 1 185 0
 261 0010 181C     		mov	r0, r3
 262 0012 BD46     		mov	sp, r7
 263              		@ sp needed
 264 0014 80BD     		pop	{r7, pc}
 265              	.L20:
 266 0016 C046     		.align	2
 267              	.L19:
 268 0018 72000F40 		.word	1074724978
 269              		.cfi_endproc
 270              	.LFE5:
 271              		.size	Count_Bits_ReadCounter, .-Count_Bits_ReadCounter
ARM GAS  C:\Users\En\AppData\Local\Temp\ccK06tyt.s 			page 9


 272              		.section	.text.Count_Bits_WritePeriod,"ax",%progbits
 273              		.align	2
 274              		.global	Count_Bits_WritePeriod
 275              		.code	16
 276              		.thumb_func
 277              		.type	Count_Bits_WritePeriod, %function
 278              	Count_Bits_WritePeriod:
 279              	.LFB6:
 186:.\Generated_Source\PSoC4/Count_Bits.c **** 
 187:.\Generated_Source\PSoC4/Count_Bits.c **** 
 188:.\Generated_Source\PSoC4/Count_Bits.c **** /*******************************************************************************
 189:.\Generated_Source\PSoC4/Count_Bits.c **** * Function Name: Count_Bits_WritePeriod
 190:.\Generated_Source\PSoC4/Count_Bits.c **** ********************************************************************************
 191:.\Generated_Source\PSoC4/Count_Bits.c **** *
 192:.\Generated_Source\PSoC4/Count_Bits.c **** * Summary:
 193:.\Generated_Source\PSoC4/Count_Bits.c **** *  This function writes the period register. The actual period is one greater
 194:.\Generated_Source\PSoC4/Count_Bits.c **** *  than the value in the period register since the counting sequence starts
 195:.\Generated_Source\PSoC4/Count_Bits.c **** *  with the period register and counts down to 0 inclusive. The period of the
 196:.\Generated_Source\PSoC4/Count_Bits.c **** *  counter output does not change until the counter is reloaded following the
 197:.\Generated_Source\PSoC4/Count_Bits.c **** *  terminal count value of 0 or due to a hardware load signal.
 198:.\Generated_Source\PSoC4/Count_Bits.c **** *
 199:.\Generated_Source\PSoC4/Count_Bits.c **** * Parameters:
 200:.\Generated_Source\PSoC4/Count_Bits.c **** *  period - Period value to be written.
 201:.\Generated_Source\PSoC4/Count_Bits.c **** *
 202:.\Generated_Source\PSoC4/Count_Bits.c **** * Return:
 203:.\Generated_Source\PSoC4/Count_Bits.c **** *  None
 204:.\Generated_Source\PSoC4/Count_Bits.c **** *
 205:.\Generated_Source\PSoC4/Count_Bits.c **** *******************************************************************************/
 206:.\Generated_Source\PSoC4/Count_Bits.c **** void Count_Bits_WritePeriod(uint8 period) 
 207:.\Generated_Source\PSoC4/Count_Bits.c **** {
 280              		.loc 1 207 0
 281              		.cfi_startproc
 282 0000 80B5     		push	{r7, lr}
 283              		.cfi_def_cfa_offset 8
 284              		.cfi_offset 7, -8
 285              		.cfi_offset 14, -4
 286 0002 82B0     		sub	sp, sp, #8
 287              		.cfi_def_cfa_offset 16
 288 0004 00AF     		add	r7, sp, #0
 289              		.cfi_def_cfa_register 7
 290 0006 021C     		mov	r2, r0
 291 0008 FB1D     		add	r3, r7, #7
 292 000a 1A70     		strb	r2, [r3]
 208:.\Generated_Source\PSoC4/Count_Bits.c ****     Count_Bits_PERIOD_REG = period;
 293              		.loc 1 208 0
 294 000c 034B     		ldr	r3, .L22
 295 000e FA1D     		add	r2, r7, #7
 296 0010 1278     		ldrb	r2, [r2]
 297 0012 1A70     		strb	r2, [r3]
 209:.\Generated_Source\PSoC4/Count_Bits.c **** }
 298              		.loc 1 209 0
 299 0014 BD46     		mov	sp, r7
 300 0016 02B0     		add	sp, sp, #8
 301              		@ sp needed
 302 0018 80BD     		pop	{r7, pc}
 303              	.L23:
 304 001a C046     		.align	2
ARM GAS  C:\Users\En\AppData\Local\Temp\ccK06tyt.s 			page 10


 305              	.L22:
 306 001c 82000F40 		.word	1074724994
 307              		.cfi_endproc
 308              	.LFE6:
 309              		.size	Count_Bits_WritePeriod, .-Count_Bits_WritePeriod
 310              		.section	.text.Count_Bits_ReadPeriod,"ax",%progbits
 311              		.align	2
 312              		.global	Count_Bits_ReadPeriod
 313              		.code	16
 314              		.thumb_func
 315              		.type	Count_Bits_ReadPeriod, %function
 316              	Count_Bits_ReadPeriod:
 317              	.LFB7:
 210:.\Generated_Source\PSoC4/Count_Bits.c **** 
 211:.\Generated_Source\PSoC4/Count_Bits.c **** 
 212:.\Generated_Source\PSoC4/Count_Bits.c **** /*******************************************************************************
 213:.\Generated_Source\PSoC4/Count_Bits.c **** * Function Name: Count_Bits_ReadPeriod
 214:.\Generated_Source\PSoC4/Count_Bits.c **** ********************************************************************************
 215:.\Generated_Source\PSoC4/Count_Bits.c **** *
 216:.\Generated_Source\PSoC4/Count_Bits.c **** * Summary:
 217:.\Generated_Source\PSoC4/Count_Bits.c **** *  This function reads the period register.
 218:.\Generated_Source\PSoC4/Count_Bits.c **** *
 219:.\Generated_Source\PSoC4/Count_Bits.c **** * Parameters:
 220:.\Generated_Source\PSoC4/Count_Bits.c **** *  None
 221:.\Generated_Source\PSoC4/Count_Bits.c **** *
 222:.\Generated_Source\PSoC4/Count_Bits.c **** * Return:
 223:.\Generated_Source\PSoC4/Count_Bits.c **** *  uint8 - Current period value.
 224:.\Generated_Source\PSoC4/Count_Bits.c **** *
 225:.\Generated_Source\PSoC4/Count_Bits.c **** *******************************************************************************/
 226:.\Generated_Source\PSoC4/Count_Bits.c **** uint8 Count_Bits_ReadPeriod(void) 
 227:.\Generated_Source\PSoC4/Count_Bits.c **** {
 318              		.loc 1 227 0
 319              		.cfi_startproc
 320 0000 80B5     		push	{r7, lr}
 321              		.cfi_def_cfa_offset 8
 322              		.cfi_offset 7, -8
 323              		.cfi_offset 14, -4
 324 0002 00AF     		add	r7, sp, #0
 325              		.cfi_def_cfa_register 7
 228:.\Generated_Source\PSoC4/Count_Bits.c ****     return(Count_Bits_PERIOD_REG);
 326              		.loc 1 228 0
 327 0004 024B     		ldr	r3, .L26
 328 0006 1B78     		ldrb	r3, [r3]
 329 0008 DBB2     		uxtb	r3, r3
 229:.\Generated_Source\PSoC4/Count_Bits.c **** }
 330              		.loc 1 229 0
 331 000a 181C     		mov	r0, r3
 332 000c BD46     		mov	sp, r7
 333              		@ sp needed
 334 000e 80BD     		pop	{r7, pc}
 335              	.L27:
 336              		.align	2
 337              	.L26:
 338 0010 82000F40 		.word	1074724994
 339              		.cfi_endproc
 340              	.LFE7:
 341              		.size	Count_Bits_ReadPeriod, .-Count_Bits_ReadPeriod
ARM GAS  C:\Users\En\AppData\Local\Temp\ccK06tyt.s 			page 11


 342              		.text
 343              	.Letext0:
 344              		.file 2 ".\\Generated_Source\\PSoC4\\cytypes.h"
 345              		.section	.debug_info,"",%progbits
 346              	.Ldebug_info0:
 347 0000 8D010000 		.4byte	0x18d
 348 0004 0400     		.2byte	0x4
 349 0006 00000000 		.4byte	.Ldebug_abbrev0
 350 000a 04       		.byte	0x4
 351 000b 01       		.uleb128 0x1
 352 000c 87000000 		.4byte	.LASF26
 353 0010 01       		.byte	0x1
 354 0011 5B000000 		.4byte	.LASF27
 355 0015 8A010000 		.4byte	.LASF28
 356 0019 00000000 		.4byte	.Ldebug_ranges0+0
 357 001d 00000000 		.4byte	0
 358 0021 00000000 		.4byte	.Ldebug_line0
 359 0025 02       		.uleb128 0x2
 360 0026 01       		.byte	0x1
 361 0027 06       		.byte	0x6
 362 0028 23020000 		.4byte	.LASF0
 363 002c 02       		.uleb128 0x2
 364 002d 01       		.byte	0x1
 365 002e 08       		.byte	0x8
 366 002f 03010000 		.4byte	.LASF1
 367 0033 02       		.uleb128 0x2
 368 0034 02       		.byte	0x2
 369 0035 05       		.byte	0x5
 370 0036 E1010000 		.4byte	.LASF2
 371 003a 02       		.uleb128 0x2
 372 003b 02       		.byte	0x2
 373 003c 07       		.byte	0x7
 374 003d 35000000 		.4byte	.LASF3
 375 0041 02       		.uleb128 0x2
 376 0042 04       		.byte	0x4
 377 0043 05       		.byte	0x5
 378 0044 1A020000 		.4byte	.LASF4
 379 0048 02       		.uleb128 0x2
 380 0049 04       		.byte	0x4
 381 004a 07       		.byte	0x7
 382 004b 35010000 		.4byte	.LASF5
 383 004f 02       		.uleb128 0x2
 384 0050 08       		.byte	0x8
 385 0051 05       		.byte	0x5
 386 0052 CE010000 		.4byte	.LASF6
 387 0056 02       		.uleb128 0x2
 388 0057 08       		.byte	0x8
 389 0058 07       		.byte	0x7
 390 0059 73010000 		.4byte	.LASF7
 391 005d 03       		.uleb128 0x3
 392 005e 04       		.byte	0x4
 393 005f 05       		.byte	0x5
 394 0060 696E7400 		.ascii	"int\000"
 395 0064 02       		.uleb128 0x2
 396 0065 04       		.byte	0x4
 397 0066 07       		.byte	0x7
 398 0067 66010000 		.4byte	.LASF8
ARM GAS  C:\Users\En\AppData\Local\Temp\ccK06tyt.s 			page 12


 399 006b 04       		.uleb128 0x4
 400 006c 47010000 		.4byte	.LASF12
 401 0070 02       		.byte	0x2
 402 0071 B3       		.byte	0xb3
 403 0072 2C000000 		.4byte	0x2c
 404 0076 02       		.uleb128 0x2
 405 0077 04       		.byte	0x4
 406 0078 04       		.byte	0x4
 407 0079 81000000 		.4byte	.LASF9
 408 007d 02       		.uleb128 0x2
 409 007e 08       		.byte	0x8
 410 007f 04       		.byte	0x4
 411 0080 4D010000 		.4byte	.LASF10
 412 0084 02       		.uleb128 0x2
 413 0085 01       		.byte	0x1
 414 0086 08       		.byte	0x8
 415 0087 DC010000 		.4byte	.LASF11
 416 008b 05       		.uleb128 0x5
 417 008c 21010000 		.4byte	.LASF13
 418 0090 02       		.byte	0x2
 419 0091 5D01     		.2byte	0x15d
 420 0093 97000000 		.4byte	0x97
 421 0097 06       		.uleb128 0x6
 422 0098 6B000000 		.4byte	0x6b
 423 009c 02       		.uleb128 0x2
 424 009d 04       		.byte	0x4
 425 009e 07       		.byte	0x7
 426 009f C5010000 		.4byte	.LASF14
 427 00a3 07       		.uleb128 0x7
 428 00a4 2F020000 		.4byte	.LASF15
 429 00a8 01       		.byte	0x1
 430 00a9 2C       		.byte	0x2c
 431 00aa 00000000 		.4byte	.LFB0
 432 00ae 14000000 		.4byte	.LFE0-.LFB0
 433 00b2 01       		.uleb128 0x1
 434 00b3 9C       		.byte	0x9c
 435 00b4 08       		.uleb128 0x8
 436 00b5 54010000 		.4byte	.LASF17
 437 00b9 01       		.byte	0x1
 438 00ba 49       		.byte	0x49
 439 00bb 00000000 		.4byte	.LFB1
 440 00bf 34000000 		.4byte	.LFE1-.LFB1
 441 00c3 01       		.uleb128 0x1
 442 00c4 9C       		.byte	0x9c
 443 00c5 D8000000 		.4byte	0xd8
 444 00c9 09       		.uleb128 0x9
 445 00ca 26010000 		.4byte	.LASF19
 446 00ce 01       		.byte	0x1
 447 00cf 4B       		.byte	0x4b
 448 00d0 6B000000 		.4byte	0x6b
 449 00d4 02       		.uleb128 0x2
 450 00d5 91       		.byte	0x91
 451 00d6 6F       		.sleb128 -17
 452 00d7 00       		.byte	0
 453 00d8 0A       		.uleb128 0xa
 454 00d9 00000000 		.4byte	.LASF16
 455 00dd 01       		.byte	0x1
ARM GAS  C:\Users\En\AppData\Local\Temp\ccK06tyt.s 			page 13


 456 00de 6B       		.byte	0x6b
 457 00df 00000000 		.4byte	.LFB2
 458 00e3 24000000 		.4byte	.LFE2-.LFB2
 459 00e7 01       		.uleb128 0x1
 460 00e8 9C       		.byte	0x9c
 461 00e9 08       		.uleb128 0x8
 462 00ea 11010000 		.4byte	.LASF18
 463 00ee 01       		.byte	0x1
 464 00ef 87       		.byte	0x87
 465 00f0 00000000 		.4byte	.LFB3
 466 00f4 34000000 		.4byte	.LFE3-.LFB3
 467 00f8 01       		.uleb128 0x1
 468 00f9 9C       		.byte	0x9c
 469 00fa 0D010000 		.4byte	0x10d
 470 00fe 09       		.uleb128 0x9
 471 00ff 26010000 		.4byte	.LASF19
 472 0103 01       		.byte	0x1
 473 0104 89       		.byte	0x89
 474 0105 6B000000 		.4byte	0x6b
 475 0109 02       		.uleb128 0x2
 476 010a 91       		.byte	0x91
 477 010b 6F       		.sleb128 -17
 478 010c 00       		.byte	0
 479 010d 0B       		.uleb128 0xb
 480 010e EB010000 		.4byte	.LASF20
 481 0112 01       		.byte	0x1
 482 0113 A2       		.byte	0xa2
 483 0114 00000000 		.4byte	.LFB4
 484 0118 24000000 		.4byte	.LFE4-.LFB4
 485 011c 01       		.uleb128 0x1
 486 011d 9C       		.byte	0x9c
 487 011e 31010000 		.4byte	0x131
 488 0122 0C       		.uleb128 0xc
 489 0123 28000000 		.4byte	.LASF22
 490 0127 01       		.byte	0x1
 491 0128 A2       		.byte	0xa2
 492 0129 6B000000 		.4byte	0x6b
 493 012d 02       		.uleb128 0x2
 494 012e 91       		.byte	0x91
 495 012f 77       		.sleb128 -9
 496 0130 00       		.byte	0
 497 0131 0D       		.uleb128 0xd
 498 0132 03020000 		.4byte	.LASF24
 499 0136 01       		.byte	0x1
 500 0137 B6       		.byte	0xb6
 501 0138 6B000000 		.4byte	0x6b
 502 013c 00000000 		.4byte	.LFB5
 503 0140 1C000000 		.4byte	.LFE5-.LFB5
 504 0144 01       		.uleb128 0x1
 505 0145 9C       		.byte	0x9c
 506 0146 0B       		.uleb128 0xb
 507 0147 11000000 		.4byte	.LASF21
 508 014b 01       		.byte	0x1
 509 014c CE       		.byte	0xce
 510 014d 00000000 		.4byte	.LFB6
 511 0151 20000000 		.4byte	.LFE6-.LFB6
 512 0155 01       		.uleb128 0x1
ARM GAS  C:\Users\En\AppData\Local\Temp\ccK06tyt.s 			page 14


 513 0156 9C       		.byte	0x9c
 514 0157 6A010000 		.4byte	0x16a
 515 015b 0C       		.uleb128 0xc
 516 015c 2E000000 		.4byte	.LASF23
 517 0160 01       		.byte	0x1
 518 0161 CE       		.byte	0xce
 519 0162 6B000000 		.4byte	0x6b
 520 0166 02       		.uleb128 0x2
 521 0167 91       		.byte	0x91
 522 0168 77       		.sleb128 -9
 523 0169 00       		.byte	0
 524 016a 0D       		.uleb128 0xd
 525 016b AF010000 		.4byte	.LASF25
 526 016f 01       		.byte	0x1
 527 0170 E2       		.byte	0xe2
 528 0171 6B000000 		.4byte	0x6b
 529 0175 00000000 		.4byte	.LFB7
 530 0179 14000000 		.4byte	.LFE7-.LFB7
 531 017d 01       		.uleb128 0x1
 532 017e 9C       		.byte	0x9c
 533 017f 0E       		.uleb128 0xe
 534 0180 48000000 		.4byte	.LASF29
 535 0184 01       		.byte	0x1
 536 0185 15       		.byte	0x15
 537 0186 6B000000 		.4byte	0x6b
 538 018a 05       		.uleb128 0x5
 539 018b 03       		.byte	0x3
 540 018c 00000000 		.4byte	Count_Bits_initVar
 541 0190 00       		.byte	0
 542              		.section	.debug_abbrev,"",%progbits
 543              	.Ldebug_abbrev0:
 544 0000 01       		.uleb128 0x1
 545 0001 11       		.uleb128 0x11
 546 0002 01       		.byte	0x1
 547 0003 25       		.uleb128 0x25
 548 0004 0E       		.uleb128 0xe
 549 0005 13       		.uleb128 0x13
 550 0006 0B       		.uleb128 0xb
 551 0007 03       		.uleb128 0x3
 552 0008 0E       		.uleb128 0xe
 553 0009 1B       		.uleb128 0x1b
 554 000a 0E       		.uleb128 0xe
 555 000b 55       		.uleb128 0x55
 556 000c 17       		.uleb128 0x17
 557 000d 11       		.uleb128 0x11
 558 000e 01       		.uleb128 0x1
 559 000f 10       		.uleb128 0x10
 560 0010 17       		.uleb128 0x17
 561 0011 00       		.byte	0
 562 0012 00       		.byte	0
 563 0013 02       		.uleb128 0x2
 564 0014 24       		.uleb128 0x24
 565 0015 00       		.byte	0
 566 0016 0B       		.uleb128 0xb
 567 0017 0B       		.uleb128 0xb
 568 0018 3E       		.uleb128 0x3e
 569 0019 0B       		.uleb128 0xb
ARM GAS  C:\Users\En\AppData\Local\Temp\ccK06tyt.s 			page 15


 570 001a 03       		.uleb128 0x3
 571 001b 0E       		.uleb128 0xe
 572 001c 00       		.byte	0
 573 001d 00       		.byte	0
 574 001e 03       		.uleb128 0x3
 575 001f 24       		.uleb128 0x24
 576 0020 00       		.byte	0
 577 0021 0B       		.uleb128 0xb
 578 0022 0B       		.uleb128 0xb
 579 0023 3E       		.uleb128 0x3e
 580 0024 0B       		.uleb128 0xb
 581 0025 03       		.uleb128 0x3
 582 0026 08       		.uleb128 0x8
 583 0027 00       		.byte	0
 584 0028 00       		.byte	0
 585 0029 04       		.uleb128 0x4
 586 002a 16       		.uleb128 0x16
 587 002b 00       		.byte	0
 588 002c 03       		.uleb128 0x3
 589 002d 0E       		.uleb128 0xe
 590 002e 3A       		.uleb128 0x3a
 591 002f 0B       		.uleb128 0xb
 592 0030 3B       		.uleb128 0x3b
 593 0031 0B       		.uleb128 0xb
 594 0032 49       		.uleb128 0x49
 595 0033 13       		.uleb128 0x13
 596 0034 00       		.byte	0
 597 0035 00       		.byte	0
 598 0036 05       		.uleb128 0x5
 599 0037 16       		.uleb128 0x16
 600 0038 00       		.byte	0
 601 0039 03       		.uleb128 0x3
 602 003a 0E       		.uleb128 0xe
 603 003b 3A       		.uleb128 0x3a
 604 003c 0B       		.uleb128 0xb
 605 003d 3B       		.uleb128 0x3b
 606 003e 05       		.uleb128 0x5
 607 003f 49       		.uleb128 0x49
 608 0040 13       		.uleb128 0x13
 609 0041 00       		.byte	0
 610 0042 00       		.byte	0
 611 0043 06       		.uleb128 0x6
 612 0044 35       		.uleb128 0x35
 613 0045 00       		.byte	0
 614 0046 49       		.uleb128 0x49
 615 0047 13       		.uleb128 0x13
 616 0048 00       		.byte	0
 617 0049 00       		.byte	0
 618 004a 07       		.uleb128 0x7
 619 004b 2E       		.uleb128 0x2e
 620 004c 00       		.byte	0
 621 004d 3F       		.uleb128 0x3f
 622 004e 19       		.uleb128 0x19
 623 004f 03       		.uleb128 0x3
 624 0050 0E       		.uleb128 0xe
 625 0051 3A       		.uleb128 0x3a
 626 0052 0B       		.uleb128 0xb
ARM GAS  C:\Users\En\AppData\Local\Temp\ccK06tyt.s 			page 16


 627 0053 3B       		.uleb128 0x3b
 628 0054 0B       		.uleb128 0xb
 629 0055 27       		.uleb128 0x27
 630 0056 19       		.uleb128 0x19
 631 0057 11       		.uleb128 0x11
 632 0058 01       		.uleb128 0x1
 633 0059 12       		.uleb128 0x12
 634 005a 06       		.uleb128 0x6
 635 005b 40       		.uleb128 0x40
 636 005c 18       		.uleb128 0x18
 637 005d 9742     		.uleb128 0x2117
 638 005f 19       		.uleb128 0x19
 639 0060 00       		.byte	0
 640 0061 00       		.byte	0
 641 0062 08       		.uleb128 0x8
 642 0063 2E       		.uleb128 0x2e
 643 0064 01       		.byte	0x1
 644 0065 3F       		.uleb128 0x3f
 645 0066 19       		.uleb128 0x19
 646 0067 03       		.uleb128 0x3
 647 0068 0E       		.uleb128 0xe
 648 0069 3A       		.uleb128 0x3a
 649 006a 0B       		.uleb128 0xb
 650 006b 3B       		.uleb128 0x3b
 651 006c 0B       		.uleb128 0xb
 652 006d 27       		.uleb128 0x27
 653 006e 19       		.uleb128 0x19
 654 006f 11       		.uleb128 0x11
 655 0070 01       		.uleb128 0x1
 656 0071 12       		.uleb128 0x12
 657 0072 06       		.uleb128 0x6
 658 0073 40       		.uleb128 0x40
 659 0074 18       		.uleb128 0x18
 660 0075 9642     		.uleb128 0x2116
 661 0077 19       		.uleb128 0x19
 662 0078 01       		.uleb128 0x1
 663 0079 13       		.uleb128 0x13
 664 007a 00       		.byte	0
 665 007b 00       		.byte	0
 666 007c 09       		.uleb128 0x9
 667 007d 34       		.uleb128 0x34
 668 007e 00       		.byte	0
 669 007f 03       		.uleb128 0x3
 670 0080 0E       		.uleb128 0xe
 671 0081 3A       		.uleb128 0x3a
 672 0082 0B       		.uleb128 0xb
 673 0083 3B       		.uleb128 0x3b
 674 0084 0B       		.uleb128 0xb
 675 0085 49       		.uleb128 0x49
 676 0086 13       		.uleb128 0x13
 677 0087 02       		.uleb128 0x2
 678 0088 18       		.uleb128 0x18
 679 0089 00       		.byte	0
 680 008a 00       		.byte	0
 681 008b 0A       		.uleb128 0xa
 682 008c 2E       		.uleb128 0x2e
 683 008d 00       		.byte	0
ARM GAS  C:\Users\En\AppData\Local\Temp\ccK06tyt.s 			page 17


 684 008e 3F       		.uleb128 0x3f
 685 008f 19       		.uleb128 0x19
 686 0090 03       		.uleb128 0x3
 687 0091 0E       		.uleb128 0xe
 688 0092 3A       		.uleb128 0x3a
 689 0093 0B       		.uleb128 0xb
 690 0094 3B       		.uleb128 0x3b
 691 0095 0B       		.uleb128 0xb
 692 0096 27       		.uleb128 0x27
 693 0097 19       		.uleb128 0x19
 694 0098 11       		.uleb128 0x11
 695 0099 01       		.uleb128 0x1
 696 009a 12       		.uleb128 0x12
 697 009b 06       		.uleb128 0x6
 698 009c 40       		.uleb128 0x40
 699 009d 18       		.uleb128 0x18
 700 009e 9642     		.uleb128 0x2116
 701 00a0 19       		.uleb128 0x19
 702 00a1 00       		.byte	0
 703 00a2 00       		.byte	0
 704 00a3 0B       		.uleb128 0xb
 705 00a4 2E       		.uleb128 0x2e
 706 00a5 01       		.byte	0x1
 707 00a6 3F       		.uleb128 0x3f
 708 00a7 19       		.uleb128 0x19
 709 00a8 03       		.uleb128 0x3
 710 00a9 0E       		.uleb128 0xe
 711 00aa 3A       		.uleb128 0x3a
 712 00ab 0B       		.uleb128 0xb
 713 00ac 3B       		.uleb128 0x3b
 714 00ad 0B       		.uleb128 0xb
 715 00ae 27       		.uleb128 0x27
 716 00af 19       		.uleb128 0x19
 717 00b0 11       		.uleb128 0x11
 718 00b1 01       		.uleb128 0x1
 719 00b2 12       		.uleb128 0x12
 720 00b3 06       		.uleb128 0x6
 721 00b4 40       		.uleb128 0x40
 722 00b5 18       		.uleb128 0x18
 723 00b6 9742     		.uleb128 0x2117
 724 00b8 19       		.uleb128 0x19
 725 00b9 01       		.uleb128 0x1
 726 00ba 13       		.uleb128 0x13
 727 00bb 00       		.byte	0
 728 00bc 00       		.byte	0
 729 00bd 0C       		.uleb128 0xc
 730 00be 05       		.uleb128 0x5
 731 00bf 00       		.byte	0
 732 00c0 03       		.uleb128 0x3
 733 00c1 0E       		.uleb128 0xe
 734 00c2 3A       		.uleb128 0x3a
 735 00c3 0B       		.uleb128 0xb
 736 00c4 3B       		.uleb128 0x3b
 737 00c5 0B       		.uleb128 0xb
 738 00c6 49       		.uleb128 0x49
 739 00c7 13       		.uleb128 0x13
 740 00c8 02       		.uleb128 0x2
ARM GAS  C:\Users\En\AppData\Local\Temp\ccK06tyt.s 			page 18


 741 00c9 18       		.uleb128 0x18
 742 00ca 00       		.byte	0
 743 00cb 00       		.byte	0
 744 00cc 0D       		.uleb128 0xd
 745 00cd 2E       		.uleb128 0x2e
 746 00ce 00       		.byte	0
 747 00cf 3F       		.uleb128 0x3f
 748 00d0 19       		.uleb128 0x19
 749 00d1 03       		.uleb128 0x3
 750 00d2 0E       		.uleb128 0xe
 751 00d3 3A       		.uleb128 0x3a
 752 00d4 0B       		.uleb128 0xb
 753 00d5 3B       		.uleb128 0x3b
 754 00d6 0B       		.uleb128 0xb
 755 00d7 27       		.uleb128 0x27
 756 00d8 19       		.uleb128 0x19
 757 00d9 49       		.uleb128 0x49
 758 00da 13       		.uleb128 0x13
 759 00db 11       		.uleb128 0x11
 760 00dc 01       		.uleb128 0x1
 761 00dd 12       		.uleb128 0x12
 762 00de 06       		.uleb128 0x6
 763 00df 40       		.uleb128 0x40
 764 00e0 18       		.uleb128 0x18
 765 00e1 9742     		.uleb128 0x2117
 766 00e3 19       		.uleb128 0x19
 767 00e4 00       		.byte	0
 768 00e5 00       		.byte	0
 769 00e6 0E       		.uleb128 0xe
 770 00e7 34       		.uleb128 0x34
 771 00e8 00       		.byte	0
 772 00e9 03       		.uleb128 0x3
 773 00ea 0E       		.uleb128 0xe
 774 00eb 3A       		.uleb128 0x3a
 775 00ec 0B       		.uleb128 0xb
 776 00ed 3B       		.uleb128 0x3b
 777 00ee 0B       		.uleb128 0xb
 778 00ef 49       		.uleb128 0x49
 779 00f0 13       		.uleb128 0x13
 780 00f1 3F       		.uleb128 0x3f
 781 00f2 19       		.uleb128 0x19
 782 00f3 02       		.uleb128 0x2
 783 00f4 18       		.uleb128 0x18
 784 00f5 00       		.byte	0
 785 00f6 00       		.byte	0
 786 00f7 00       		.byte	0
 787              		.section	.debug_aranges,"",%progbits
 788 0000 54000000 		.4byte	0x54
 789 0004 0200     		.2byte	0x2
 790 0006 00000000 		.4byte	.Ldebug_info0
 791 000a 04       		.byte	0x4
 792 000b 00       		.byte	0
 793 000c 0000     		.2byte	0
 794 000e 0000     		.2byte	0
 795 0010 00000000 		.4byte	.LFB0
 796 0014 14000000 		.4byte	.LFE0-.LFB0
 797 0018 00000000 		.4byte	.LFB1
ARM GAS  C:\Users\En\AppData\Local\Temp\ccK06tyt.s 			page 19


 798 001c 34000000 		.4byte	.LFE1-.LFB1
 799 0020 00000000 		.4byte	.LFB2
 800 0024 24000000 		.4byte	.LFE2-.LFB2
 801 0028 00000000 		.4byte	.LFB3
 802 002c 34000000 		.4byte	.LFE3-.LFB3
 803 0030 00000000 		.4byte	.LFB4
 804 0034 24000000 		.4byte	.LFE4-.LFB4
 805 0038 00000000 		.4byte	.LFB5
 806 003c 1C000000 		.4byte	.LFE5-.LFB5
 807 0040 00000000 		.4byte	.LFB6
 808 0044 20000000 		.4byte	.LFE6-.LFB6
 809 0048 00000000 		.4byte	.LFB7
 810 004c 14000000 		.4byte	.LFE7-.LFB7
 811 0050 00000000 		.4byte	0
 812 0054 00000000 		.4byte	0
 813              		.section	.debug_ranges,"",%progbits
 814              	.Ldebug_ranges0:
 815 0000 00000000 		.4byte	.LFB0
 816 0004 14000000 		.4byte	.LFE0
 817 0008 00000000 		.4byte	.LFB1
 818 000c 34000000 		.4byte	.LFE1
 819 0010 00000000 		.4byte	.LFB2
 820 0014 24000000 		.4byte	.LFE2
 821 0018 00000000 		.4byte	.LFB3
 822 001c 34000000 		.4byte	.LFE3
 823 0020 00000000 		.4byte	.LFB4
 824 0024 24000000 		.4byte	.LFE4
 825 0028 00000000 		.4byte	.LFB5
 826 002c 1C000000 		.4byte	.LFE5
 827 0030 00000000 		.4byte	.LFB6
 828 0034 20000000 		.4byte	.LFE6
 829 0038 00000000 		.4byte	.LFB7
 830 003c 14000000 		.4byte	.LFE7
 831 0040 00000000 		.4byte	0
 832 0044 00000000 		.4byte	0
 833              		.section	.debug_line,"",%progbits
 834              	.Ldebug_line0:
 835 0000 E5000000 		.section	.debug_str,"MS",%progbits,1
 835      02004900 
 835      00000201 
 835      FB0E0D00 
 835      01010101 
 836              	.LASF16:
 837 0000 436F756E 		.ascii	"Count_Bits_Start\000"
 837      745F4269 
 837      74735F53 
 837      74617274 
 837      00
 838              	.LASF21:
 839 0011 436F756E 		.ascii	"Count_Bits_WritePeriod\000"
 839      745F4269 
 839      74735F57 
 839      72697465 
 839      50657269 
 840              	.LASF22:
 841 0028 636F756E 		.ascii	"count\000"
 841      7400
ARM GAS  C:\Users\En\AppData\Local\Temp\ccK06tyt.s 			page 20


 842              	.LASF23:
 843 002e 70657269 		.ascii	"period\000"
 843      6F6400
 844              	.LASF3:
 845 0035 73686F72 		.ascii	"short unsigned int\000"
 845      7420756E 
 845      7369676E 
 845      65642069 
 845      6E7400
 846              	.LASF29:
 847 0048 436F756E 		.ascii	"Count_Bits_initVar\000"
 847      745F4269 
 847      74735F69 
 847      6E697456 
 847      617200
 848              	.LASF27:
 849 005b 2E5C4765 		.ascii	".\\Generated_Source\\PSoC4\\Count_Bits.c\000"
 849      6E657261 
 849      7465645F 
 849      536F7572 
 849      63655C50 
 850              	.LASF9:
 851 0081 666C6F61 		.ascii	"float\000"
 851      7400
 852              	.LASF26:
 853 0087 474E5520 		.ascii	"GNU C 4.8.4 20140526 (release) [ARM/embedded-4_8-br"
 853      4320342E 
 853      382E3420 
 853      32303134 
 853      30353236 
 854 00ba 616E6368 		.ascii	"anch revision 211358] -mcpu=cortex-m0 -mthumb -g -O"
 854      20726576 
 854      6973696F 
 854      6E203231 
 854      31333538 
 855 00ed 30202D66 		.ascii	"0 -ffunction-sections\000"
 855      66756E63 
 855      74696F6E 
 855      2D736563 
 855      74696F6E 
 856              	.LASF1:
 857 0103 756E7369 		.ascii	"unsigned char\000"
 857      676E6564 
 857      20636861 
 857      7200
 858              	.LASF18:
 859 0111 436F756E 		.ascii	"Count_Bits_Stop\000"
 859      745F4269 
 859      74735F53 
 859      746F7000 
 860              	.LASF13:
 861 0121 72656738 		.ascii	"reg8\000"
 861      00
 862              	.LASF19:
 863 0126 696E7465 		.ascii	"interruptState\000"
 863      72727570 
 863      74537461 
ARM GAS  C:\Users\En\AppData\Local\Temp\ccK06tyt.s 			page 21


 863      746500
 864              	.LASF5:
 865 0135 6C6F6E67 		.ascii	"long unsigned int\000"
 865      20756E73 
 865      69676E65 
 865      6420696E 
 865      7400
 866              	.LASF12:
 867 0147 75696E74 		.ascii	"uint8\000"
 867      3800
 868              	.LASF10:
 869 014d 646F7562 		.ascii	"double\000"
 869      6C6500
 870              	.LASF17:
 871 0154 436F756E 		.ascii	"Count_Bits_Enable\000"
 871      745F4269 
 871      74735F45 
 871      6E61626C 
 871      6500
 872              	.LASF8:
 873 0166 756E7369 		.ascii	"unsigned int\000"
 873      676E6564 
 873      20696E74 
 873      00
 874              	.LASF7:
 875 0173 6C6F6E67 		.ascii	"long long unsigned int\000"
 875      206C6F6E 
 875      6720756E 
 875      7369676E 
 875      65642069 
 876              	.LASF28:
 877 018a 433A5C70 		.ascii	"C:\\psoc4\\Patrulator\\Patrulator.cydsn\000"
 877      736F6334 
 877      5C506174 
 877      72756C61 
 877      746F725C 
 878              	.LASF25:
 879 01af 436F756E 		.ascii	"Count_Bits_ReadPeriod\000"
 879      745F4269 
 879      74735F52 
 879      65616450 
 879      6572696F 
 880              	.LASF14:
 881 01c5 73697A65 		.ascii	"sizetype\000"
 881      74797065 
 881      00
 882              	.LASF6:
 883 01ce 6C6F6E67 		.ascii	"long long int\000"
 883      206C6F6E 
 883      6720696E 
 883      7400
 884              	.LASF11:
 885 01dc 63686172 		.ascii	"char\000"
 885      00
 886              	.LASF2:
 887 01e1 73686F72 		.ascii	"short int\000"
 887      7420696E 
ARM GAS  C:\Users\En\AppData\Local\Temp\ccK06tyt.s 			page 22


 887      7400
 888              	.LASF20:
 889 01eb 436F756E 		.ascii	"Count_Bits_WriteCounter\000"
 889      745F4269 
 889      74735F57 
 889      72697465 
 889      436F756E 
 890              	.LASF24:
 891 0203 436F756E 		.ascii	"Count_Bits_ReadCounter\000"
 891      745F4269 
 891      74735F52 
 891      65616443 
 891      6F756E74 
 892              	.LASF4:
 893 021a 6C6F6E67 		.ascii	"long int\000"
 893      20696E74 
 893      00
 894              	.LASF0:
 895 0223 7369676E 		.ascii	"signed char\000"
 895      65642063 
 895      68617200 
 896              	.LASF15:
 897 022f 436F756E 		.ascii	"Count_Bits_Init\000"
 897      745F4269 
 897      74735F49 
 897      6E697400 
 898              		.ident	"GCC: (GNU Tools for ARM Embedded Processors) 4.8.4 20140526 (release) [ARM/embedded-4_8-br
