ARM GAS  C:\Users\En\AppData\Local\Temp\cckBz7PA.s 			page 1


   1              		.cpu cortex-m0
   2              		.fpu softvfp
   3              		.eabi_attribute 20, 1
   4              		.eabi_attribute 21, 1
   5              		.eabi_attribute 23, 3
   6              		.eabi_attribute 24, 1
   7              		.eabi_attribute 25, 1
   8              		.eabi_attribute 26, 1
   9              		.eabi_attribute 30, 6
  10              		.eabi_attribute 34, 0
  11              		.eabi_attribute 18, 4
  12              		.code	16
  13              		.file	"Count_Bits_PM.c"
  14              		.text
  15              	.Ltext0:
  16              		.cfi_sections	.debug_frame
  17              		.comm	Count_Bits_backup,2,4
  18              		.section	.text.Count_Bits_SaveConfig,"ax",%progbits
  19              		.align	2
  20              		.global	Count_Bits_SaveConfig
  21              		.code	16
  22              		.thumb_func
  23              		.type	Count_Bits_SaveConfig, %function
  24              	Count_Bits_SaveConfig:
  25              	.LFB0:
  26              		.file 1 ".\\Generated_Source\\PSoC4\\Count_Bits_PM.c"
   1:.\Generated_Source\PSoC4/Count_Bits_PM.c **** /*******************************************************************************
   2:.\Generated_Source\PSoC4/Count_Bits_PM.c **** * File Name: Count_Bits_PM.c
   3:.\Generated_Source\PSoC4/Count_Bits_PM.c **** * Version 1.0
   4:.\Generated_Source\PSoC4/Count_Bits_PM.c **** *
   5:.\Generated_Source\PSoC4/Count_Bits_PM.c **** * Description:
   6:.\Generated_Source\PSoC4/Count_Bits_PM.c **** *  This file provides Low power mode APIs for Count7 component.
   7:.\Generated_Source\PSoC4/Count_Bits_PM.c **** *
   8:.\Generated_Source\PSoC4/Count_Bits_PM.c **** * Note:
   9:.\Generated_Source\PSoC4/Count_Bits_PM.c **** *  None
  10:.\Generated_Source\PSoC4/Count_Bits_PM.c **** *
  11:.\Generated_Source\PSoC4/Count_Bits_PM.c **** ********************************************************************************
  12:.\Generated_Source\PSoC4/Count_Bits_PM.c **** * Copyright 2013, Cypress Semiconductor Corporation.  All rights reserved.
  13:.\Generated_Source\PSoC4/Count_Bits_PM.c **** * You may use this file only in accordance with the license, terms, conditions,
  14:.\Generated_Source\PSoC4/Count_Bits_PM.c **** * disclaimers, and limitations in the end user license agreement accompanying
  15:.\Generated_Source\PSoC4/Count_Bits_PM.c **** * the software package with which this file was provided.
  16:.\Generated_Source\PSoC4/Count_Bits_PM.c **** *******************************************************************************/
  17:.\Generated_Source\PSoC4/Count_Bits_PM.c **** 
  18:.\Generated_Source\PSoC4/Count_Bits_PM.c **** #include "Count_Bits.h"
  19:.\Generated_Source\PSoC4/Count_Bits_PM.c **** 
  20:.\Generated_Source\PSoC4/Count_Bits_PM.c **** 
  21:.\Generated_Source\PSoC4/Count_Bits_PM.c **** Count_Bits_BACKUP_STRUCT Count_Bits_backup;
  22:.\Generated_Source\PSoC4/Count_Bits_PM.c **** 
  23:.\Generated_Source\PSoC4/Count_Bits_PM.c **** 
  24:.\Generated_Source\PSoC4/Count_Bits_PM.c **** /*******************************************************************************
  25:.\Generated_Source\PSoC4/Count_Bits_PM.c **** * Function Name: Count_Bits_SaveConfig
  26:.\Generated_Source\PSoC4/Count_Bits_PM.c **** ********************************************************************************
  27:.\Generated_Source\PSoC4/Count_Bits_PM.c **** *
  28:.\Generated_Source\PSoC4/Count_Bits_PM.c **** * Summary:
  29:.\Generated_Source\PSoC4/Count_Bits_PM.c **** *  This function saves the component configuration and non-retention registers.
  30:.\Generated_Source\PSoC4/Count_Bits_PM.c **** *  This function is called by the Count7_Sleep() function.
  31:.\Generated_Source\PSoC4/Count_Bits_PM.c **** *
ARM GAS  C:\Users\En\AppData\Local\Temp\cckBz7PA.s 			page 2


  32:.\Generated_Source\PSoC4/Count_Bits_PM.c **** * Parameters:
  33:.\Generated_Source\PSoC4/Count_Bits_PM.c **** *  None
  34:.\Generated_Source\PSoC4/Count_Bits_PM.c **** *
  35:.\Generated_Source\PSoC4/Count_Bits_PM.c **** * Return:
  36:.\Generated_Source\PSoC4/Count_Bits_PM.c **** *  None
  37:.\Generated_Source\PSoC4/Count_Bits_PM.c **** *
  38:.\Generated_Source\PSoC4/Count_Bits_PM.c **** * Global Variables:
  39:.\Generated_Source\PSoC4/Count_Bits_PM.c **** *  Count_Bits_backup - used to save component configuration and non-
  40:.\Generated_Source\PSoC4/Count_Bits_PM.c **** *  retention registers before enter sleep mode.
  41:.\Generated_Source\PSoC4/Count_Bits_PM.c **** *
  42:.\Generated_Source\PSoC4/Count_Bits_PM.c **** *******************************************************************************/
  43:.\Generated_Source\PSoC4/Count_Bits_PM.c **** void Count_Bits_SaveConfig(void) 
  44:.\Generated_Source\PSoC4/Count_Bits_PM.c **** {
  27              		.loc 1 44 0
  28              		.cfi_startproc
  29 0000 80B5     		push	{r7, lr}
  30              		.cfi_def_cfa_offset 8
  31              		.cfi_offset 7, -8
  32              		.cfi_offset 14, -4
  33 0002 00AF     		add	r7, sp, #0
  34              		.cfi_def_cfa_register 7
  45:.\Generated_Source\PSoC4/Count_Bits_PM.c ****     Count_Bits_backup.count = Count_Bits_COUNT_REG;
  35              		.loc 1 45 0
  36 0004 034B     		ldr	r3, .L2
  37 0006 1B78     		ldrb	r3, [r3]
  38 0008 DAB2     		uxtb	r2, r3
  39 000a 034B     		ldr	r3, .L2+4
  40 000c 5A70     		strb	r2, [r3, #1]
  46:.\Generated_Source\PSoC4/Count_Bits_PM.c **** }
  41              		.loc 1 46 0
  42 000e BD46     		mov	sp, r7
  43              		@ sp needed
  44 0010 80BD     		pop	{r7, pc}
  45              	.L3:
  46 0012 C046     		.align	2
  47              	.L2:
  48 0014 72000F40 		.word	1074724978
  49 0018 00000000 		.word	Count_Bits_backup
  50              		.cfi_endproc
  51              	.LFE0:
  52              		.size	Count_Bits_SaveConfig, .-Count_Bits_SaveConfig
  53              		.section	.text.Count_Bits_Sleep,"ax",%progbits
  54              		.align	2
  55              		.global	Count_Bits_Sleep
  56              		.code	16
  57              		.thumb_func
  58              		.type	Count_Bits_Sleep, %function
  59              	Count_Bits_Sleep:
  60              	.LFB1:
  47:.\Generated_Source\PSoC4/Count_Bits_PM.c **** 
  48:.\Generated_Source\PSoC4/Count_Bits_PM.c **** 
  49:.\Generated_Source\PSoC4/Count_Bits_PM.c **** /*******************************************************************************
  50:.\Generated_Source\PSoC4/Count_Bits_PM.c **** * Function Name: Count_Bits_Sleep
  51:.\Generated_Source\PSoC4/Count_Bits_PM.c **** ********************************************************************************
  52:.\Generated_Source\PSoC4/Count_Bits_PM.c **** *
  53:.\Generated_Source\PSoC4/Count_Bits_PM.c **** * Summary:
  54:.\Generated_Source\PSoC4/Count_Bits_PM.c **** *  This is the preferred API to prepare the component for low power mode
ARM GAS  C:\Users\En\AppData\Local\Temp\cckBz7PA.s 			page 3


  55:.\Generated_Source\PSoC4/Count_Bits_PM.c **** *  operation. The Count7_Sleep() API saves the current component state using
  56:.\Generated_Source\PSoC4/Count_Bits_PM.c **** *  Count7_SaveConfig() and disables the counter.
  57:.\Generated_Source\PSoC4/Count_Bits_PM.c **** *
  58:.\Generated_Source\PSoC4/Count_Bits_PM.c **** * Parameters:
  59:.\Generated_Source\PSoC4/Count_Bits_PM.c **** *  None
  60:.\Generated_Source\PSoC4/Count_Bits_PM.c **** *
  61:.\Generated_Source\PSoC4/Count_Bits_PM.c **** * Return:
  62:.\Generated_Source\PSoC4/Count_Bits_PM.c **** *  None
  63:.\Generated_Source\PSoC4/Count_Bits_PM.c **** *
  64:.\Generated_Source\PSoC4/Count_Bits_PM.c **** *******************************************************************************/
  65:.\Generated_Source\PSoC4/Count_Bits_PM.c **** void Count_Bits_Sleep(void) 
  66:.\Generated_Source\PSoC4/Count_Bits_PM.c **** {
  61              		.loc 1 66 0
  62              		.cfi_startproc
  63 0000 80B5     		push	{r7, lr}
  64              		.cfi_def_cfa_offset 8
  65              		.cfi_offset 7, -8
  66              		.cfi_offset 14, -4
  67 0002 00AF     		add	r7, sp, #0
  68              		.cfi_def_cfa_register 7
  67:.\Generated_Source\PSoC4/Count_Bits_PM.c ****     if(0u != (Count_Bits_AUX_CONTROL_REG & Count_Bits_COUNTER_START))
  69              		.loc 1 67 0
  70 0004 094B     		ldr	r3, .L7
  71 0006 1B78     		ldrb	r3, [r3]
  72 0008 DBB2     		uxtb	r3, r3
  73 000a 1A1C     		mov	r2, r3
  74 000c 2023     		mov	r3, #32
  75 000e 1340     		and	r3, r2
  76 0010 05D0     		beq	.L5
  68:.\Generated_Source\PSoC4/Count_Bits_PM.c ****     {
  69:.\Generated_Source\PSoC4/Count_Bits_PM.c ****         Count_Bits_backup.enableState = 1u;
  77              		.loc 1 69 0
  78 0012 074B     		ldr	r3, .L7+4
  79 0014 0122     		mov	r2, #1
  80 0016 1A70     		strb	r2, [r3]
  70:.\Generated_Source\PSoC4/Count_Bits_PM.c ****         Count_Bits_Stop();
  81              		.loc 1 70 0
  82 0018 FFF7FEFF 		bl	Count_Bits_Stop
  83 001c 02E0     		b	.L6
  84              	.L5:
  71:.\Generated_Source\PSoC4/Count_Bits_PM.c ****     }
  72:.\Generated_Source\PSoC4/Count_Bits_PM.c ****     else
  73:.\Generated_Source\PSoC4/Count_Bits_PM.c ****     {
  74:.\Generated_Source\PSoC4/Count_Bits_PM.c ****         Count_Bits_backup.enableState = 0u;
  85              		.loc 1 74 0
  86 001e 044B     		ldr	r3, .L7+4
  87 0020 0022     		mov	r2, #0
  88 0022 1A70     		strb	r2, [r3]
  89              	.L6:
  75:.\Generated_Source\PSoC4/Count_Bits_PM.c ****     }
  76:.\Generated_Source\PSoC4/Count_Bits_PM.c **** 
  77:.\Generated_Source\PSoC4/Count_Bits_PM.c ****     Count_Bits_SaveConfig();
  90              		.loc 1 77 0
  91 0024 FFF7FEFF 		bl	Count_Bits_SaveConfig
  78:.\Generated_Source\PSoC4/Count_Bits_PM.c **** }
  92              		.loc 1 78 0
  93 0028 BD46     		mov	sp, r7
ARM GAS  C:\Users\En\AppData\Local\Temp\cckBz7PA.s 			page 4


  94              		@ sp needed
  95 002a 80BD     		pop	{r7, pc}
  96              	.L8:
  97              		.align	2
  98              	.L7:
  99 002c 92000F40 		.word	1074725010
 100 0030 00000000 		.word	Count_Bits_backup
 101              		.cfi_endproc
 102              	.LFE1:
 103              		.size	Count_Bits_Sleep, .-Count_Bits_Sleep
 104              		.section	.text.Count_Bits_RestoreConfig,"ax",%progbits
 105              		.align	2
 106              		.global	Count_Bits_RestoreConfig
 107              		.code	16
 108              		.thumb_func
 109              		.type	Count_Bits_RestoreConfig, %function
 110              	Count_Bits_RestoreConfig:
 111              	.LFB2:
  79:.\Generated_Source\PSoC4/Count_Bits_PM.c **** 
  80:.\Generated_Source\PSoC4/Count_Bits_PM.c **** 
  81:.\Generated_Source\PSoC4/Count_Bits_PM.c **** /*******************************************************************************
  82:.\Generated_Source\PSoC4/Count_Bits_PM.c **** * Function Name: Count_Bits_RestoreConfig
  83:.\Generated_Source\PSoC4/Count_Bits_PM.c **** ********************************************************************************
  84:.\Generated_Source\PSoC4/Count_Bits_PM.c **** *
  85:.\Generated_Source\PSoC4/Count_Bits_PM.c **** * Summary:
  86:.\Generated_Source\PSoC4/Count_Bits_PM.c **** *  This function restores the component configuration and non-retention
  87:.\Generated_Source\PSoC4/Count_Bits_PM.c **** *  registers. This function is called by the Count7_Wakeup() function.
  88:.\Generated_Source\PSoC4/Count_Bits_PM.c **** *
  89:.\Generated_Source\PSoC4/Count_Bits_PM.c **** * Parameters:
  90:.\Generated_Source\PSoC4/Count_Bits_PM.c **** *  None
  91:.\Generated_Source\PSoC4/Count_Bits_PM.c **** *
  92:.\Generated_Source\PSoC4/Count_Bits_PM.c **** * Return:
  93:.\Generated_Source\PSoC4/Count_Bits_PM.c **** *  None
  94:.\Generated_Source\PSoC4/Count_Bits_PM.c **** *
  95:.\Generated_Source\PSoC4/Count_Bits_PM.c **** * Global Variables:
  96:.\Generated_Source\PSoC4/Count_Bits_PM.c **** *  Count_Bits_backup - used to save component configuration and
  97:.\Generated_Source\PSoC4/Count_Bits_PM.c **** *  non-retention registers before exit sleep mode.
  98:.\Generated_Source\PSoC4/Count_Bits_PM.c **** *
  99:.\Generated_Source\PSoC4/Count_Bits_PM.c **** *******************************************************************************/
 100:.\Generated_Source\PSoC4/Count_Bits_PM.c **** void Count_Bits_RestoreConfig(void) 
 101:.\Generated_Source\PSoC4/Count_Bits_PM.c **** {
 112              		.loc 1 101 0
 113              		.cfi_startproc
 114 0000 80B5     		push	{r7, lr}
 115              		.cfi_def_cfa_offset 8
 116              		.cfi_offset 7, -8
 117              		.cfi_offset 14, -4
 118 0002 00AF     		add	r7, sp, #0
 119              		.cfi_def_cfa_register 7
 102:.\Generated_Source\PSoC4/Count_Bits_PM.c ****     Count_Bits_COUNT_REG = Count_Bits_backup.count;
 120              		.loc 1 102 0
 121 0004 024B     		ldr	r3, .L10
 122 0006 034A     		ldr	r2, .L10+4
 123 0008 5278     		ldrb	r2, [r2, #1]
 124 000a 1A70     		strb	r2, [r3]
 103:.\Generated_Source\PSoC4/Count_Bits_PM.c **** }
 125              		.loc 1 103 0
ARM GAS  C:\Users\En\AppData\Local\Temp\cckBz7PA.s 			page 5


 126 000c BD46     		mov	sp, r7
 127              		@ sp needed
 128 000e 80BD     		pop	{r7, pc}
 129              	.L11:
 130              		.align	2
 131              	.L10:
 132 0010 72000F40 		.word	1074724978
 133 0014 00000000 		.word	Count_Bits_backup
 134              		.cfi_endproc
 135              	.LFE2:
 136              		.size	Count_Bits_RestoreConfig, .-Count_Bits_RestoreConfig
 137              		.section	.text.Count_Bits_Wakeup,"ax",%progbits
 138              		.align	2
 139              		.global	Count_Bits_Wakeup
 140              		.code	16
 141              		.thumb_func
 142              		.type	Count_Bits_Wakeup, %function
 143              	Count_Bits_Wakeup:
 144              	.LFB3:
 104:.\Generated_Source\PSoC4/Count_Bits_PM.c **** 
 105:.\Generated_Source\PSoC4/Count_Bits_PM.c **** 
 106:.\Generated_Source\PSoC4/Count_Bits_PM.c **** /*******************************************************************************
 107:.\Generated_Source\PSoC4/Count_Bits_PM.c **** * Function Name: Count_Bits_Wakeup
 108:.\Generated_Source\PSoC4/Count_Bits_PM.c **** ********************************************************************************
 109:.\Generated_Source\PSoC4/Count_Bits_PM.c **** *
 110:.\Generated_Source\PSoC4/Count_Bits_PM.c **** * Summary:
 111:.\Generated_Source\PSoC4/Count_Bits_PM.c **** *  This is the preferred API to restore the component to the state when
 112:.\Generated_Source\PSoC4/Count_Bits_PM.c **** *  Count7_Sleep() was called. The Count7_Wakeup() function calls the
 113:.\Generated_Source\PSoC4/Count_Bits_PM.c **** *  Count7_RestoreConfig() function to restore the configuration.
 114:.\Generated_Source\PSoC4/Count_Bits_PM.c **** *
 115:.\Generated_Source\PSoC4/Count_Bits_PM.c **** * Parameters:
 116:.\Generated_Source\PSoC4/Count_Bits_PM.c **** *  None
 117:.\Generated_Source\PSoC4/Count_Bits_PM.c **** *
 118:.\Generated_Source\PSoC4/Count_Bits_PM.c **** * Return:
 119:.\Generated_Source\PSoC4/Count_Bits_PM.c **** *  None
 120:.\Generated_Source\PSoC4/Count_Bits_PM.c **** *
 121:.\Generated_Source\PSoC4/Count_Bits_PM.c **** *******************************************************************************/
 122:.\Generated_Source\PSoC4/Count_Bits_PM.c **** void Count_Bits_Wakeup(void) 
 123:.\Generated_Source\PSoC4/Count_Bits_PM.c **** {
 145              		.loc 1 123 0
 146              		.cfi_startproc
 147 0000 80B5     		push	{r7, lr}
 148              		.cfi_def_cfa_offset 8
 149              		.cfi_offset 7, -8
 150              		.cfi_offset 14, -4
 151 0002 00AF     		add	r7, sp, #0
 152              		.cfi_def_cfa_register 7
 124:.\Generated_Source\PSoC4/Count_Bits_PM.c ****     Count_Bits_RestoreConfig();
 153              		.loc 1 124 0
 154 0004 FFF7FEFF 		bl	Count_Bits_RestoreConfig
 125:.\Generated_Source\PSoC4/Count_Bits_PM.c **** 
 126:.\Generated_Source\PSoC4/Count_Bits_PM.c ****     /* Restore enable state */
 127:.\Generated_Source\PSoC4/Count_Bits_PM.c ****     if (Count_Bits_backup.enableState != 0u)
 155              		.loc 1 127 0
 156 0008 034B     		ldr	r3, .L14
 157 000a 1B78     		ldrb	r3, [r3]
 158 000c 002B     		cmp	r3, #0
ARM GAS  C:\Users\En\AppData\Local\Temp\cckBz7PA.s 			page 6


 159 000e 01D0     		beq	.L12
 128:.\Generated_Source\PSoC4/Count_Bits_PM.c ****     {
 129:.\Generated_Source\PSoC4/Count_Bits_PM.c ****         Count_Bits_Enable();
 160              		.loc 1 129 0
 161 0010 FFF7FEFF 		bl	Count_Bits_Enable
 162              	.L12:
 130:.\Generated_Source\PSoC4/Count_Bits_PM.c ****     }
 131:.\Generated_Source\PSoC4/Count_Bits_PM.c **** }
 163              		.loc 1 131 0
 164 0014 BD46     		mov	sp, r7
 165              		@ sp needed
 166 0016 80BD     		pop	{r7, pc}
 167              	.L15:
 168              		.align	2
 169              	.L14:
 170 0018 00000000 		.word	Count_Bits_backup
 171              		.cfi_endproc
 172              	.LFE3:
 173              		.size	Count_Bits_Wakeup, .-Count_Bits_Wakeup
 174              		.text
 175              	.Letext0:
 176              		.file 2 ".\\Generated_Source\\PSoC4\\cytypes.h"
 177              		.file 3 ".\\Generated_Source\\PSoC4\\Count_Bits.h"
 178              		.section	.debug_info,"",%progbits
 179              	.Ldebug_info0:
 180 0000 1A010000 		.4byte	0x11a
 181 0004 0400     		.2byte	0x4
 182 0006 00000000 		.4byte	.Ldebug_abbrev0
 183 000a 04       		.byte	0x4
 184 000b 01       		.uleb128 0x1
 185 000c B7000000 		.4byte	.LASF21
 186 0010 01       		.byte	0x1
 187 0011 8C010000 		.4byte	.LASF22
 188 0015 33010000 		.4byte	.LASF23
 189 0019 00000000 		.4byte	.Ldebug_ranges0+0
 190 001d 00000000 		.4byte	0
 191 0021 00000000 		.4byte	.Ldebug_line0
 192 0025 02       		.uleb128 0x2
 193 0026 01       		.byte	0x1
 194 0027 06       		.byte	0x6
 195 0028 DC010000 		.4byte	.LASF0
 196 002c 02       		.uleb128 0x2
 197 002d 01       		.byte	0x1
 198 002e 08       		.byte	0x8
 199 002f 55000000 		.4byte	.LASF1
 200 0033 02       		.uleb128 0x2
 201 0034 02       		.byte	0x2
 202 0035 05       		.byte	0x5
 203 0036 6B010000 		.4byte	.LASF2
 204 003a 02       		.uleb128 0x2
 205 003b 02       		.byte	0x2
 206 003c 07       		.byte	0x7
 207 003d 7A000000 		.4byte	.LASF3
 208 0041 02       		.uleb128 0x2
 209 0042 04       		.byte	0x4
 210 0043 05       		.byte	0x5
 211 0044 C7010000 		.4byte	.LASF4
ARM GAS  C:\Users\En\AppData\Local\Temp\cckBz7PA.s 			page 7


 212 0048 02       		.uleb128 0x2
 213 0049 04       		.byte	0x4
 214 004a 07       		.byte	0x7
 215 004b 68000000 		.4byte	.LASF5
 216 004f 02       		.uleb128 0x2
 217 0050 08       		.byte	0x8
 218 0051 05       		.byte	0x5
 219 0052 58010000 		.4byte	.LASF6
 220 0056 02       		.uleb128 0x2
 221 0057 08       		.byte	0x8
 222 0058 07       		.byte	0x7
 223 0059 3E000000 		.4byte	.LASF7
 224 005d 03       		.uleb128 0x3
 225 005e 04       		.byte	0x4
 226 005f 05       		.byte	0x5
 227 0060 696E7400 		.ascii	"int\000"
 228 0064 02       		.uleb128 0x2
 229 0065 04       		.byte	0x4
 230 0066 07       		.byte	0x7
 231 0067 AA000000 		.4byte	.LASF8
 232 006b 04       		.uleb128 0x4
 233 006c 86010000 		.4byte	.LASF12
 234 0070 02       		.byte	0x2
 235 0071 B3       		.byte	0xb3
 236 0072 2C000000 		.4byte	0x2c
 237 0076 02       		.uleb128 0x2
 238 0077 04       		.byte	0x4
 239 0078 04       		.byte	0x4
 240 0079 38000000 		.4byte	.LASF9
 241 007d 02       		.uleb128 0x2
 242 007e 08       		.byte	0x8
 243 007f 04       		.byte	0x4
 244 0080 A3000000 		.4byte	.LASF10
 245 0084 02       		.uleb128 0x2
 246 0085 01       		.byte	0x1
 247 0086 08       		.byte	0x8
 248 0087 66010000 		.4byte	.LASF11
 249 008b 05       		.uleb128 0x5
 250 008c 63000000 		.4byte	.LASF13
 251 0090 02       		.byte	0x2
 252 0091 5D01     		.2byte	0x15d
 253 0093 97000000 		.4byte	0x97
 254 0097 06       		.uleb128 0x6
 255 0098 6B000000 		.4byte	0x6b
 256 009c 07       		.uleb128 0x7
 257 009d 02       		.byte	0x2
 258 009e 03       		.byte	0x3
 259 009f 2E       		.byte	0x2e
 260 00a0 BD000000 		.4byte	0xbd
 261 00a4 08       		.uleb128 0x8
 262 00a5 D0010000 		.4byte	.LASF14
 263 00a9 03       		.byte	0x3
 264 00aa 30       		.byte	0x30
 265 00ab 6B000000 		.4byte	0x6b
 266 00af 00       		.byte	0
 267 00b0 08       		.uleb128 0x8
 268 00b1 19000000 		.4byte	.LASF15
ARM GAS  C:\Users\En\AppData\Local\Temp\cckBz7PA.s 			page 8


 269 00b5 03       		.byte	0x3
 270 00b6 31       		.byte	0x31
 271 00b7 6B000000 		.4byte	0x6b
 272 00bb 01       		.byte	0x1
 273 00bc 00       		.byte	0
 274 00bd 04       		.uleb128 0x4
 275 00be 00000000 		.4byte	.LASF16
 276 00c2 03       		.byte	0x3
 277 00c3 32       		.byte	0x32
 278 00c4 9C000000 		.4byte	0x9c
 279 00c8 09       		.uleb128 0x9
 280 00c9 8D000000 		.4byte	.LASF17
 281 00cd 01       		.byte	0x1
 282 00ce 2B       		.byte	0x2b
 283 00cf 00000000 		.4byte	.LFB0
 284 00d3 1C000000 		.4byte	.LFE0-.LFB0
 285 00d7 01       		.uleb128 0x1
 286 00d8 9C       		.byte	0x9c
 287 00d9 0A       		.uleb128 0xa
 288 00da 75010000 		.4byte	.LASF18
 289 00de 01       		.byte	0x1
 290 00df 41       		.byte	0x41
 291 00e0 00000000 		.4byte	.LFB1
 292 00e4 34000000 		.4byte	.LFE1-.LFB1
 293 00e8 01       		.uleb128 0x1
 294 00e9 9C       		.byte	0x9c
 295 00ea 09       		.uleb128 0x9
 296 00eb 1F000000 		.4byte	.LASF19
 297 00ef 01       		.byte	0x1
 298 00f0 64       		.byte	0x64
 299 00f1 00000000 		.4byte	.LFB2
 300 00f5 18000000 		.4byte	.LFE2-.LFB2
 301 00f9 01       		.uleb128 0x1
 302 00fa 9C       		.byte	0x9c
 303 00fb 0A       		.uleb128 0xa
 304 00fc E8010000 		.4byte	.LASF20
 305 0100 01       		.byte	0x1
 306 0101 7A       		.byte	0x7a
 307 0102 00000000 		.4byte	.LFB3
 308 0106 1C000000 		.4byte	.LFE3-.LFB3
 309 010a 01       		.uleb128 0x1
 310 010b 9C       		.byte	0x9c
 311 010c 0B       		.uleb128 0xb
 312 010d B5010000 		.4byte	.LASF24
 313 0111 01       		.byte	0x1
 314 0112 15       		.byte	0x15
 315 0113 BD000000 		.4byte	0xbd
 316 0117 05       		.uleb128 0x5
 317 0118 03       		.byte	0x3
 318 0119 00000000 		.4byte	Count_Bits_backup
 319 011d 00       		.byte	0
 320              		.section	.debug_abbrev,"",%progbits
 321              	.Ldebug_abbrev0:
 322 0000 01       		.uleb128 0x1
 323 0001 11       		.uleb128 0x11
 324 0002 01       		.byte	0x1
 325 0003 25       		.uleb128 0x25
ARM GAS  C:\Users\En\AppData\Local\Temp\cckBz7PA.s 			page 9


 326 0004 0E       		.uleb128 0xe
 327 0005 13       		.uleb128 0x13
 328 0006 0B       		.uleb128 0xb
 329 0007 03       		.uleb128 0x3
 330 0008 0E       		.uleb128 0xe
 331 0009 1B       		.uleb128 0x1b
 332 000a 0E       		.uleb128 0xe
 333 000b 55       		.uleb128 0x55
 334 000c 17       		.uleb128 0x17
 335 000d 11       		.uleb128 0x11
 336 000e 01       		.uleb128 0x1
 337 000f 10       		.uleb128 0x10
 338 0010 17       		.uleb128 0x17
 339 0011 00       		.byte	0
 340 0012 00       		.byte	0
 341 0013 02       		.uleb128 0x2
 342 0014 24       		.uleb128 0x24
 343 0015 00       		.byte	0
 344 0016 0B       		.uleb128 0xb
 345 0017 0B       		.uleb128 0xb
 346 0018 3E       		.uleb128 0x3e
 347 0019 0B       		.uleb128 0xb
 348 001a 03       		.uleb128 0x3
 349 001b 0E       		.uleb128 0xe
 350 001c 00       		.byte	0
 351 001d 00       		.byte	0
 352 001e 03       		.uleb128 0x3
 353 001f 24       		.uleb128 0x24
 354 0020 00       		.byte	0
 355 0021 0B       		.uleb128 0xb
 356 0022 0B       		.uleb128 0xb
 357 0023 3E       		.uleb128 0x3e
 358 0024 0B       		.uleb128 0xb
 359 0025 03       		.uleb128 0x3
 360 0026 08       		.uleb128 0x8
 361 0027 00       		.byte	0
 362 0028 00       		.byte	0
 363 0029 04       		.uleb128 0x4
 364 002a 16       		.uleb128 0x16
 365 002b 00       		.byte	0
 366 002c 03       		.uleb128 0x3
 367 002d 0E       		.uleb128 0xe
 368 002e 3A       		.uleb128 0x3a
 369 002f 0B       		.uleb128 0xb
 370 0030 3B       		.uleb128 0x3b
 371 0031 0B       		.uleb128 0xb
 372 0032 49       		.uleb128 0x49
 373 0033 13       		.uleb128 0x13
 374 0034 00       		.byte	0
 375 0035 00       		.byte	0
 376 0036 05       		.uleb128 0x5
 377 0037 16       		.uleb128 0x16
 378 0038 00       		.byte	0
 379 0039 03       		.uleb128 0x3
 380 003a 0E       		.uleb128 0xe
 381 003b 3A       		.uleb128 0x3a
 382 003c 0B       		.uleb128 0xb
ARM GAS  C:\Users\En\AppData\Local\Temp\cckBz7PA.s 			page 10


 383 003d 3B       		.uleb128 0x3b
 384 003e 05       		.uleb128 0x5
 385 003f 49       		.uleb128 0x49
 386 0040 13       		.uleb128 0x13
 387 0041 00       		.byte	0
 388 0042 00       		.byte	0
 389 0043 06       		.uleb128 0x6
 390 0044 35       		.uleb128 0x35
 391 0045 00       		.byte	0
 392 0046 49       		.uleb128 0x49
 393 0047 13       		.uleb128 0x13
 394 0048 00       		.byte	0
 395 0049 00       		.byte	0
 396 004a 07       		.uleb128 0x7
 397 004b 13       		.uleb128 0x13
 398 004c 01       		.byte	0x1
 399 004d 0B       		.uleb128 0xb
 400 004e 0B       		.uleb128 0xb
 401 004f 3A       		.uleb128 0x3a
 402 0050 0B       		.uleb128 0xb
 403 0051 3B       		.uleb128 0x3b
 404 0052 0B       		.uleb128 0xb
 405 0053 01       		.uleb128 0x1
 406 0054 13       		.uleb128 0x13
 407 0055 00       		.byte	0
 408 0056 00       		.byte	0
 409 0057 08       		.uleb128 0x8
 410 0058 0D       		.uleb128 0xd
 411 0059 00       		.byte	0
 412 005a 03       		.uleb128 0x3
 413 005b 0E       		.uleb128 0xe
 414 005c 3A       		.uleb128 0x3a
 415 005d 0B       		.uleb128 0xb
 416 005e 3B       		.uleb128 0x3b
 417 005f 0B       		.uleb128 0xb
 418 0060 49       		.uleb128 0x49
 419 0061 13       		.uleb128 0x13
 420 0062 38       		.uleb128 0x38
 421 0063 0B       		.uleb128 0xb
 422 0064 00       		.byte	0
 423 0065 00       		.byte	0
 424 0066 09       		.uleb128 0x9
 425 0067 2E       		.uleb128 0x2e
 426 0068 00       		.byte	0
 427 0069 3F       		.uleb128 0x3f
 428 006a 19       		.uleb128 0x19
 429 006b 03       		.uleb128 0x3
 430 006c 0E       		.uleb128 0xe
 431 006d 3A       		.uleb128 0x3a
 432 006e 0B       		.uleb128 0xb
 433 006f 3B       		.uleb128 0x3b
 434 0070 0B       		.uleb128 0xb
 435 0071 27       		.uleb128 0x27
 436 0072 19       		.uleb128 0x19
 437 0073 11       		.uleb128 0x11
 438 0074 01       		.uleb128 0x1
 439 0075 12       		.uleb128 0x12
ARM GAS  C:\Users\En\AppData\Local\Temp\cckBz7PA.s 			page 11


 440 0076 06       		.uleb128 0x6
 441 0077 40       		.uleb128 0x40
 442 0078 18       		.uleb128 0x18
 443 0079 9742     		.uleb128 0x2117
 444 007b 19       		.uleb128 0x19
 445 007c 00       		.byte	0
 446 007d 00       		.byte	0
 447 007e 0A       		.uleb128 0xa
 448 007f 2E       		.uleb128 0x2e
 449 0080 00       		.byte	0
 450 0081 3F       		.uleb128 0x3f
 451 0082 19       		.uleb128 0x19
 452 0083 03       		.uleb128 0x3
 453 0084 0E       		.uleb128 0xe
 454 0085 3A       		.uleb128 0x3a
 455 0086 0B       		.uleb128 0xb
 456 0087 3B       		.uleb128 0x3b
 457 0088 0B       		.uleb128 0xb
 458 0089 27       		.uleb128 0x27
 459 008a 19       		.uleb128 0x19
 460 008b 11       		.uleb128 0x11
 461 008c 01       		.uleb128 0x1
 462 008d 12       		.uleb128 0x12
 463 008e 06       		.uleb128 0x6
 464 008f 40       		.uleb128 0x40
 465 0090 18       		.uleb128 0x18
 466 0091 9642     		.uleb128 0x2116
 467 0093 19       		.uleb128 0x19
 468 0094 00       		.byte	0
 469 0095 00       		.byte	0
 470 0096 0B       		.uleb128 0xb
 471 0097 34       		.uleb128 0x34
 472 0098 00       		.byte	0
 473 0099 03       		.uleb128 0x3
 474 009a 0E       		.uleb128 0xe
 475 009b 3A       		.uleb128 0x3a
 476 009c 0B       		.uleb128 0xb
 477 009d 3B       		.uleb128 0x3b
 478 009e 0B       		.uleb128 0xb
 479 009f 49       		.uleb128 0x49
 480 00a0 13       		.uleb128 0x13
 481 00a1 3F       		.uleb128 0x3f
 482 00a2 19       		.uleb128 0x19
 483 00a3 02       		.uleb128 0x2
 484 00a4 18       		.uleb128 0x18
 485 00a5 00       		.byte	0
 486 00a6 00       		.byte	0
 487 00a7 00       		.byte	0
 488              		.section	.debug_aranges,"",%progbits
 489 0000 34000000 		.4byte	0x34
 490 0004 0200     		.2byte	0x2
 491 0006 00000000 		.4byte	.Ldebug_info0
 492 000a 04       		.byte	0x4
 493 000b 00       		.byte	0
 494 000c 0000     		.2byte	0
 495 000e 0000     		.2byte	0
 496 0010 00000000 		.4byte	.LFB0
ARM GAS  C:\Users\En\AppData\Local\Temp\cckBz7PA.s 			page 12


 497 0014 1C000000 		.4byte	.LFE0-.LFB0
 498 0018 00000000 		.4byte	.LFB1
 499 001c 34000000 		.4byte	.LFE1-.LFB1
 500 0020 00000000 		.4byte	.LFB2
 501 0024 18000000 		.4byte	.LFE2-.LFB2
 502 0028 00000000 		.4byte	.LFB3
 503 002c 1C000000 		.4byte	.LFE3-.LFB3
 504 0030 00000000 		.4byte	0
 505 0034 00000000 		.4byte	0
 506              		.section	.debug_ranges,"",%progbits
 507              	.Ldebug_ranges0:
 508 0000 00000000 		.4byte	.LFB0
 509 0004 1C000000 		.4byte	.LFE0
 510 0008 00000000 		.4byte	.LFB1
 511 000c 34000000 		.4byte	.LFE1
 512 0010 00000000 		.4byte	.LFB2
 513 0014 18000000 		.4byte	.LFE2
 514 0018 00000000 		.4byte	.LFB3
 515 001c 1C000000 		.4byte	.LFE3
 516 0020 00000000 		.4byte	0
 517 0024 00000000 		.4byte	0
 518              		.section	.debug_line,"",%progbits
 519              	.Ldebug_line0:
 520 0000 AF000000 		.section	.debug_str,"MS",%progbits,1
 520      02005C00 
 520      00000201 
 520      FB0E0D00 
 520      01010101 
 521              	.LASF16:
 522 0000 436F756E 		.ascii	"Count_Bits_BACKUP_STRUCT\000"
 522      745F4269 
 522      74735F42 
 522      41434B55 
 522      505F5354 
 523              	.LASF15:
 524 0019 636F756E 		.ascii	"count\000"
 524      7400
 525              	.LASF19:
 526 001f 436F756E 		.ascii	"Count_Bits_RestoreConfig\000"
 526      745F4269 
 526      74735F52 
 526      6573746F 
 526      7265436F 
 527              	.LASF9:
 528 0038 666C6F61 		.ascii	"float\000"
 528      7400
 529              	.LASF7:
 530 003e 6C6F6E67 		.ascii	"long long unsigned int\000"
 530      206C6F6E 
 530      6720756E 
 530      7369676E 
 530      65642069 
 531              	.LASF1:
 532 0055 756E7369 		.ascii	"unsigned char\000"
 532      676E6564 
 532      20636861 
 532      7200
ARM GAS  C:\Users\En\AppData\Local\Temp\cckBz7PA.s 			page 13


 533              	.LASF13:
 534 0063 72656738 		.ascii	"reg8\000"
 534      00
 535              	.LASF5:
 536 0068 6C6F6E67 		.ascii	"long unsigned int\000"
 536      20756E73 
 536      69676E65 
 536      6420696E 
 536      7400
 537              	.LASF3:
 538 007a 73686F72 		.ascii	"short unsigned int\000"
 538      7420756E 
 538      7369676E 
 538      65642069 
 538      6E7400
 539              	.LASF17:
 540 008d 436F756E 		.ascii	"Count_Bits_SaveConfig\000"
 540      745F4269 
 540      74735F53 
 540      61766543 
 540      6F6E6669 
 541              	.LASF10:
 542 00a3 646F7562 		.ascii	"double\000"
 542      6C6500
 543              	.LASF8:
 544 00aa 756E7369 		.ascii	"unsigned int\000"
 544      676E6564 
 544      20696E74 
 544      00
 545              	.LASF21:
 546 00b7 474E5520 		.ascii	"GNU C 4.8.4 20140526 (release) [ARM/embedded-4_8-br"
 546      4320342E 
 546      382E3420 
 546      32303134 
 546      30353236 
 547 00ea 616E6368 		.ascii	"anch revision 211358] -mcpu=cortex-m0 -mthumb -g -O"
 547      20726576 
 547      6973696F 
 547      6E203231 
 547      31333538 
 548 011d 30202D66 		.ascii	"0 -ffunction-sections\000"
 548      66756E63 
 548      74696F6E 
 548      2D736563 
 548      74696F6E 
 549              	.LASF23:
 550 0133 433A5C70 		.ascii	"C:\\psoc4\\Patrulator\\Patrulator.cydsn\000"
 550      736F6334 
 550      5C506174 
 550      72756C61 
 550      746F725C 
 551              	.LASF6:
 552 0158 6C6F6E67 		.ascii	"long long int\000"
 552      206C6F6E 
 552      6720696E 
 552      7400
 553              	.LASF11:
ARM GAS  C:\Users\En\AppData\Local\Temp\cckBz7PA.s 			page 14


 554 0166 63686172 		.ascii	"char\000"
 554      00
 555              	.LASF2:
 556 016b 73686F72 		.ascii	"short int\000"
 556      7420696E 
 556      7400
 557              	.LASF18:
 558 0175 436F756E 		.ascii	"Count_Bits_Sleep\000"
 558      745F4269 
 558      74735F53 
 558      6C656570 
 558      00
 559              	.LASF12:
 560 0186 75696E74 		.ascii	"uint8\000"
 560      3800
 561              	.LASF22:
 562 018c 2E5C4765 		.ascii	".\\Generated_Source\\PSoC4\\Count_Bits_PM.c\000"
 562      6E657261 
 562      7465645F 
 562      536F7572 
 562      63655C50 
 563              	.LASF24:
 564 01b5 436F756E 		.ascii	"Count_Bits_backup\000"
 564      745F4269 
 564      74735F62 
 564      61636B75 
 564      7000
 565              	.LASF4:
 566 01c7 6C6F6E67 		.ascii	"long int\000"
 566      20696E74 
 566      00
 567              	.LASF14:
 568 01d0 656E6162 		.ascii	"enableState\000"
 568      6C655374 
 568      61746500 
 569              	.LASF0:
 570 01dc 7369676E 		.ascii	"signed char\000"
 570      65642063 
 570      68617200 
 571              	.LASF20:
 572 01e8 436F756E 		.ascii	"Count_Bits_Wakeup\000"
 572      745F4269 
 572      74735F57 
 572      616B6575 
 572      7000
 573              		.ident	"GCC: (GNU Tools for ARM Embedded Processors) 4.8.4 20140526 (release) [ARM/embedded-4_8-br
